Archive member included to satisfy reference by file (symbol)

c:/arm-gcc/tools/tools/arm-gnu-toolchain-11.3.rel1-mingw-w64-i686-arm-none-eabi/bin/../lib/gcc/arm-none-eabi/11.3.1/thumb/v7e-m+fp/hard\libc_nano.a(libc_a-exit.o)
                              c:/arm-gcc/tools/tools/arm-gnu-toolchain-11.3.rel1-mingw-w64-i686-arm-none-eabi/bin/../lib/gcc/arm-none-eabi/11.3.1/thumb/v7e-m+fp/hard/crt0.o (exit)
c:/arm-gcc/tools/tools/arm-gnu-toolchain-11.3.rel1-mingw-w64-i686-arm-none-eabi/bin/../lib/gcc/arm-none-eabi/11.3.1/thumb/v7e-m+fp/hard\libc_nano.a(libc_a-findfp.o)
                              c:/arm-gcc/tools/tools/arm-gnu-toolchain-11.3.rel1-mingw-w64-i686-arm-none-eabi/bin/../lib/gcc/arm-none-eabi/11.3.1/thumb/v7e-m+fp/hard\libc_nano.a(libc_a-exit.o) (__stdio_exit_handler)
c:/arm-gcc/tools/tools/arm-gnu-toolchain-11.3.rel1-mingw-w64-i686-arm-none-eabi/bin/../lib/gcc/arm-none-eabi/11.3.1/thumb/v7e-m+fp/hard\libc_nano.a(libc_a-fwalk.o)
                              c:/arm-gcc/tools/tools/arm-gnu-toolchain-11.3.rel1-mingw-w64-i686-arm-none-eabi/bin/../lib/gcc/arm-none-eabi/11.3.1/thumb/v7e-m+fp/hard\libc_nano.a(libc_a-findfp.o) (_fwalk_sglue)
c:/arm-gcc/tools/tools/arm-gnu-toolchain-11.3.rel1-mingw-w64-i686-arm-none-eabi/bin/../lib/gcc/arm-none-eabi/11.3.1/thumb/v7e-m+fp/hard\libc_nano.a(libc_a-sprintf.o)
                              build/main.o (sprintf)
c:/arm-gcc/tools/tools/arm-gnu-toolchain-11.3.rel1-mingw-w64-i686-arm-none-eabi/bin/../lib/gcc/arm-none-eabi/11.3.1/thumb/v7e-m+fp/hard\libc_nano.a(libc_a-stdio.o)
                              c:/arm-gcc/tools/tools/arm-gnu-toolchain-11.3.rel1-mingw-w64-i686-arm-none-eabi/bin/../lib/gcc/arm-none-eabi/11.3.1/thumb/v7e-m+fp/hard\libc_nano.a(libc_a-findfp.o) (__sread)
c:/arm-gcc/tools/tools/arm-gnu-toolchain-11.3.rel1-mingw-w64-i686-arm-none-eabi/bin/../lib/gcc/arm-none-eabi/11.3.1/thumb/v7e-m+fp/hard\libc_nano.a(libc_a-memset.o)
                              c:/arm-gcc/tools/tools/arm-gnu-toolchain-11.3.rel1-mingw-w64-i686-arm-none-eabi/bin/../lib/gcc/arm-none-eabi/11.3.1/thumb/v7e-m+fp/hard/crt0.o (memset)
c:/arm-gcc/tools/tools/arm-gnu-toolchain-11.3.rel1-mingw-w64-i686-arm-none-eabi/bin/../lib/gcc/arm-none-eabi/11.3.1/thumb/v7e-m+fp/hard\libc_nano.a(libc_a-closer.o)
                              c:/arm-gcc/tools/tools/arm-gnu-toolchain-11.3.rel1-mingw-w64-i686-arm-none-eabi/bin/../lib/gcc/arm-none-eabi/11.3.1/thumb/v7e-m+fp/hard\libc_nano.a(libc_a-stdio.o) (_close_r)
c:/arm-gcc/tools/tools/arm-gnu-toolchain-11.3.rel1-mingw-w64-i686-arm-none-eabi/bin/../lib/gcc/arm-none-eabi/11.3.1/thumb/v7e-m+fp/hard\libc_nano.a(libc_a-reent.o)
                              c:/arm-gcc/tools/tools/arm-gnu-toolchain-11.3.rel1-mingw-w64-i686-arm-none-eabi/bin/../lib/gcc/arm-none-eabi/11.3.1/thumb/v7e-m+fp/hard\libc_nano.a(libc_a-closer.o) (errno)
c:/arm-gcc/tools/tools/arm-gnu-toolchain-11.3.rel1-mingw-w64-i686-arm-none-eabi/bin/../lib/gcc/arm-none-eabi/11.3.1/thumb/v7e-m+fp/hard\libc_nano.a(libc_a-impure.o)
                              c:/arm-gcc/tools/tools/arm-gnu-toolchain-11.3.rel1-mingw-w64-i686-arm-none-eabi/bin/../lib/gcc/arm-none-eabi/11.3.1/thumb/v7e-m+fp/hard\libc_nano.a(libc_a-sprintf.o) (_impure_ptr)
c:/arm-gcc/tools/tools/arm-gnu-toolchain-11.3.rel1-mingw-w64-i686-arm-none-eabi/bin/../lib/gcc/arm-none-eabi/11.3.1/thumb/v7e-m+fp/hard\libc_nano.a(libc_a-lseekr.o)
                              c:/arm-gcc/tools/tools/arm-gnu-toolchain-11.3.rel1-mingw-w64-i686-arm-none-eabi/bin/../lib/gcc/arm-none-eabi/11.3.1/thumb/v7e-m+fp/hard\libc_nano.a(libc_a-stdio.o) (_lseek_r)
c:/arm-gcc/tools/tools/arm-gnu-toolchain-11.3.rel1-mingw-w64-i686-arm-none-eabi/bin/../lib/gcc/arm-none-eabi/11.3.1/thumb/v7e-m+fp/hard\libc_nano.a(libc_a-readr.o)
                              c:/arm-gcc/tools/tools/arm-gnu-toolchain-11.3.rel1-mingw-w64-i686-arm-none-eabi/bin/../lib/gcc/arm-none-eabi/11.3.1/thumb/v7e-m+fp/hard\libc_nano.a(libc_a-stdio.o) (_read_r)
c:/arm-gcc/tools/tools/arm-gnu-toolchain-11.3.rel1-mingw-w64-i686-arm-none-eabi/bin/../lib/gcc/arm-none-eabi/11.3.1/thumb/v7e-m+fp/hard\libc_nano.a(libc_a-writer.o)
                              c:/arm-gcc/tools/tools/arm-gnu-toolchain-11.3.rel1-mingw-w64-i686-arm-none-eabi/bin/../lib/gcc/arm-none-eabi/11.3.1/thumb/v7e-m+fp/hard\libc_nano.a(libc_a-stdio.o) (_write_r)
c:/arm-gcc/tools/tools/arm-gnu-toolchain-11.3.rel1-mingw-w64-i686-arm-none-eabi/bin/../lib/gcc/arm-none-eabi/11.3.1/thumb/v7e-m+fp/hard\libc_nano.a(libc_a-errno.o)
                              build/sysmem.o (__errno)
c:/arm-gcc/tools/tools/arm-gnu-toolchain-11.3.rel1-mingw-w64-i686-arm-none-eabi/bin/../lib/gcc/arm-none-eabi/11.3.1/thumb/v7e-m+fp/hard\libc_nano.a(libc_a-init.o)
                              c:/arm-gcc/tools/tools/arm-gnu-toolchain-11.3.rel1-mingw-w64-i686-arm-none-eabi/bin/../lib/gcc/arm-none-eabi/11.3.1/thumb/v7e-m+fp/hard/crt0.o (__libc_init_array)
[...]
Memory Configuration

Name             Origin             Length             Attributes
RAM              0x20000000         0x00020000         xrw
FLASH            0x08000000         0x00080000         xr
*default*        0x00000000         0xffffffff

Linker script and memory map

LOAD c:/arm-gcc/tools/tools/arm-gnu-toolchain-11.3.rel1-mingw-w64-i686-arm-none-eabi/bin/../lib/gcc/arm-none-eabi/11.3.1/thumb/v7e-m+fp/hard/crti.o
LOAD c:/arm-gcc/tools/tools/arm-gnu-toolchain-11.3.rel1-mingw-w64-i686-arm-none-eabi/bin/../lib/gcc/arm-none-eabi/11.3.1/thumb/v7e-m+fp/hard/crtbegin.o
LOAD c:/arm-gcc/tools/tools/arm-gnu-toolchain-11.3.rel1-mingw-w64-i686-arm-none-eabi/bin/../lib/gcc/arm-none-eabi/11.3.1/thumb/v7e-m+fp/hard/crt0.o
LOAD build/main.o
LOAD build/button.o
LOAD build/stm32f4xx_it.o
LOAD build/stm32f4xx_hal_msp.o
LOAD build/stm32f4xx_hal_tim.o
LOAD build/stm32f4xx_hal_tim_ex.o
LOAD build/stm32f4xx_hal_rcc.o
LOAD build/stm32f4xx_hal_rcc_ex.o
LOAD build/stm32f4xx_hal_flash.o
LOAD build/stm32f4xx_hal_flash_ex.o
LOAD build/stm32f4xx_hal_flash_ramfunc.o
LOAD build/stm32f4xx_hal_gpio.o
LOAD build/stm32f4xx_hal_dma_ex.o
LOAD build/stm32f4xx_hal_dma.o
LOAD build/stm32f4xx_hal_pwr.o
LOAD build/stm32f4xx_hal_pwr_ex.o
LOAD build/stm32f4xx_hal_cortex.o
LOAD build/stm32f4xx_hal.o
LOAD build/stm32f4xx_hal_exti.o
LOAD build/system_stm32f4xx.o
LOAD build/stm32f4xx_hal_adc.o
LOAD build/stm32f4xx_hal_adc_ex.o
LOAD build/stm32f4xx_ll_adc.o
LOAD build/usb_device.o
LOAD build/usbd_desc.o
LOAD build/usbd_cdc_if.o
LOAD build/usbd_conf.o
LOAD build/stm32f4xx_hal_pcd.o
LOAD build/stm32f4xx_hal_pcd_ex.o
LOAD build/stm32f4xx_ll_usb.o
LOAD build/usbd_core.o
LOAD build/usbd_ctlreq.o
LOAD build/usbd_ioreq.o
LOAD build/usbd_cdc.o
LOAD build/sysmem.o
LOAD build/syscalls.o
LOAD build/startup_stm32f411xe.o
LOAD c:/arm-gcc/tools/tools/arm-gnu-toolchain-11.3.rel1-mingw-w64-i686-arm-none-eabi/bin/../lib/gcc/arm-none-eabi/11.3.1/thumb/v7e-m+fp/hard\libc_nano.a
LOAD c:/arm-gcc/tools/tools/arm-gnu-toolchain-11.3.rel1-mingw-w64-i686-arm-none-eabi/bin/../lib/gcc/arm-none-eabi/11.3.1/thumb/v7e-m+fp/hard\libm.a
LOAD c:/arm-gcc/tools/tools/arm-gnu-toolchain-11.3.rel1-mingw-w64-i686-arm-none-eabi/bin/../lib/gcc/arm-none-eabi/11.3.1/thumb/v7e-m+fp/hard\libnosys.a
START GROUP
LOAD c:/arm-gcc/tools/tools/arm-gnu-toolchain-11.3.rel1-mingw-w64-i686-arm-none-eabi/bin/../lib/gcc/arm-none-eabi/11.3.1/thumb/v7e-m+fp/hard\libgcc.a
LOAD c:/arm-gcc/tools/tools/arm-gnu-toolchain-11.3.rel1-mingw-w64-i686-arm-none-eabi/bin/../lib/gcc/arm-none-eabi/11.3.1/thumb/v7e-m+fp/hard\libc_nano.a
END GROUP
START GROUP
LOAD c:/arm-gcc/tools/tools/arm-gnu-toolchain-11.3.rel1-mingw-w64-i686-arm-none-eabi/bin/../lib/gcc/arm-none-eabi/11.3.1/thumb/v7e-m+fp/hard\libgcc.a
LOAD c:/arm-gcc/tools/tools/arm-gnu-toolchain-11.3.rel1-mingw-w64-i686-arm-none-eabi/bin/../lib/gcc/arm-none-eabi/11.3.1/thumb/v7e-m+fp/hard\libc_nano.a
END GROUP
LOAD c:/arm-gcc/tools/tools/arm-gnu-toolchain-11.3.rel1-mingw-w64-i686-arm-none-eabi/bin/../lib/gcc/arm-none-eabi/11.3.1/thumb/v7e-m+fp/hard/crtend.o
LOAD c:/arm-gcc/tools/tools/arm-gnu-toolchain-11.3.rel1-mingw-w64-i686-arm-none-eabi/bin/../lib/gcc/arm-none-eabi/11.3.1/thumb/v7e-m+fp/hard/crtn.o
                0x20020000                _estack = (ORIGIN (RAM) + LENGTH (RAM))
                0x00000200                _Min_Heap_Size = 0x200
                0x00000400                _Min_Stack_Size = 0x400

.isr_vector     0x08000000      0x198
                0x08000000                . = ALIGN (0x4)
 *(.isr_vector)
 .isr_vector    0x08000000      0x198 build/startup_stm32f411xe.o
                0x08000000                g_pfnVectors
                0x08000198                . = ALIGN (0x4)

.text           0x080001a0     0x8fec
                0x080001a0                . = ALIGN (0x4)
 *(.text)
 .text          0x080001a0       0x10 c:/arm-gcc/tools/tools/arm-gnu-toolchain-11.3.rel1-mingw-w64-i686-arm-none-eabi/bin/../lib/gcc/arm-none-eabi/11.3.1/thumb/v7e-m+fp/hard\libc_nano.a(libc_a-strlen.o)
                0x080001a0                strlen
 .text          0x080001b0       0xa0 c:/arm-gcc/tools/tools/arm-gnu-toolchain-11.3.rel1-mingw-w64-i686-arm-none-eabi/bin/../lib/gcc/arm-none-eabi/11.3.1/thumb/v7e-m+fp/hard\libc_nano.a(libc_a-memchr.o)
                0x080001b0                memchr
 .text          0x08000250       0x30 c:/arm-gcc/tools/tools/arm-gnu-toolchain-11.3.rel1-mingw-w64-i686-arm-none-eabi/bin/../lib/gcc/arm-none-eabi/11.3.1/thumb/v7e-m+fp/hard\libgcc.a(_aeabi_uldivmod.o)
                0x08000250                __aeabi_uldivmod
 .text          0x08000280        0x4 c:/arm-gcc/tools/tools/arm-gnu-toolchain-11.3.rel1-mingw-w64-i686-arm-none-eabi/bin/../lib/gcc/arm-none-eabi/11.3.1/thumb/v7e-m+fp/hard\libgcc.a(_dvmd_tls.o)
                0x08000280                __aeabi_idiv0
                0x08000280                __aeabi_ldiv0
 *(.text*)
 .text.deregister_tm_clones
                0x08000284       0x1c c:/arm-gcc/tools/tools/arm-gnu-toolchain-11.3.rel1-mingw-w64-i686-arm-none-eabi/bin/../lib/gcc/arm-none-eabi/11.3.1/thumb/v7e-m+fp/hard/crtbegin.o
 .text.register_tm_clones
                0x080002a0       0x24 c:/arm-gcc/tools/tools/arm-gnu-toolchain-11.3.rel1-mingw-w64-i686-arm-none-eabi/bin/../lib/gcc/arm-none-eabi/11.3.1/thumb/v7e-m+fp/hard/crtbegin.o
 .text.__do_global_dtors_aux
                0x080002c4       0x28 c:/arm-gcc/tools/tools/arm-gnu-toolchain-11.3.rel1-mingw-w64-i686-arm-none-eabi/bin/../lib/gcc/arm-none-eabi/11.3.1/thumb/v7e-m+fp/hard/crtbegin.o
 .text.frame_dummy
                0x080002ec       0x24 c:/arm-gcc/tools/tools/arm-gnu-toolchain-11.3.rel1-mingw-w64-i686-arm-none-eabi/bin/../lib/gcc/arm-none-eabi/11.3.1/thumb/v7e-m+fp/hard/crtbegin.o
 .text.main     0x08000310      0x140 build/main.o
                0x08000310                main
 .text.SystemClock_Config
                0x08000450       0xd0 build/main.o
                0x08000450                SystemClock_Config
 .text.MX_ADC1_Init
                0x08000520       0xa4 build/main.o
 .text.MX_TIM3_Init
                0x080005c4       0xb8 build/main.o
 .text.MX_TIM4_Init
                0x0800067c       0x9c build/main.o
 .text.MX_GPIO_Init
                0x08000718      0x108 build/main.o
 .text.HAL_TIM_PeriodElapsedCallback
                0x08000820       0x14 build/main.o
                0x08000820                HAL_TIM_PeriodElapsedCallback
 .text.Error_Handler
                0x08000834        0xa build/main.o
                0x08000834                Error_Handler
 .text.NMI_Handler
                0x0800083e        0x6 build/stm32f4xx_it.o
                0x0800083e                NMI_Handler
 .text.HardFault_Handler
                0x08000844        0x6 build/stm32f4xx_it.o
                0x08000844                HardFault_Handler
 .text.MemManage_Handler
                0x0800084a        0x6 build/stm32f4xx_it.o
                0x0800084a                MemManage_Handler
 .text.BusFault_Handler
                0x08000850        0x6 build/stm32f4xx_it.o
                0x08000850                BusFault_Handler
 .text.UsageFault_Handler
                0x08000856        0x6 build/stm32f4xx_it.o
                0x08000856                UsageFault_Handler
 .text.SVC_Handler
                0x0800085c        0xe build/stm32f4xx_it.o
                0x0800085c                SVC_Handler
 .text.DebugMon_Handler
                0x0800086a        0xe build/stm32f4xx_it.o
                0x0800086a                DebugMon_Handler
 .text.PendSV_Handler
                0x08000878        0xe build/stm32f4xx_it.o
                0x08000878                PendSV_Handler
 .text.SysTick_Handler
                0x08000886        0xc build/stm32f4xx_it.o
                0x08000886                SysTick_Handler
 *fill*         0x08000892        0x2 
 .text.TIM4_IRQHandler
                0x08000894       0x14 build/stm32f4xx_it.o
                0x08000894                TIM4_IRQHandler
 .text.OTG_FS_IRQHandler
                0x080008a8       0x14 build/stm32f4xx_it.o
                0x080008a8                OTG_FS_IRQHandler
 .text.HAL_MspInit
                0x080008bc       0x50 build/stm32f4xx_hal_msp.o
                0x080008bc                HAL_MspInit
 .text.HAL_ADC_MspInit
                0x0800090c       0x88 build/stm32f4xx_hal_msp.o
                0x0800090c                HAL_ADC_MspInit
 .text.HAL_TIM_PWM_MspInit
                0x08000994       0x44 build/stm32f4xx_hal_msp.o
                0x08000994                HAL_TIM_PWM_MspInit
 .text.HAL_TIM_Base_MspInit
                0x080009d8       0x50 build/stm32f4xx_hal_msp.o
                0x080009d8                HAL_TIM_Base_MspInit
 .text.HAL_TIM_MspPostInit
                0x08000a28       0x74 build/stm32f4xx_hal_msp.o
                0x08000a28                HAL_TIM_MspPostInit
 .text.HAL_TIM_Base_Init
                0x08000a9c       0x9e build/stm32f4xx_hal_tim.o
                0x08000a9c                HAL_TIM_Base_Init
 .text.HAL_TIM_PWM_Init
                0x08000b3a       0x9e build/stm32f4xx_hal_tim.o
                0x08000b3a                HAL_TIM_PWM_Init
 .text.HAL_TIM_PWM_Start
                0x08000bd8      0x160 build/stm32f4xx_hal_tim.o
                0x08000bd8                HAL_TIM_PWM_Start
 .text.HAL_TIM_IRQHandler
                0x08000d38      0x1e0 build/stm32f4xx_hal_tim.o
                0x08000d38                HAL_TIM_IRQHandler
 .text.HAL_TIM_PWM_ConfigChannel
                0x08000f18      0x184 build/stm32f4xx_hal_tim.o
                0x08000f18                HAL_TIM_PWM_ConfigChannel
 .text.HAL_TIM_ConfigClockSource
                0x0800109c      0x18e build/stm32f4xx_hal_tim.o
                0x0800109c                HAL_TIM_ConfigClockSource
 .text.HAL_TIM_OC_DelayElapsedCallback
                0x0800122a       0x14 build/stm32f4xx_hal_tim.o
                0x0800122a                HAL_TIM_OC_DelayElapsedCallback
 .text.HAL_TIM_IC_CaptureCallback
                0x0800123e       0x14 build/stm32f4xx_hal_tim.o
                0x0800123e                HAL_TIM_IC_CaptureCallback
 .text.HAL_TIM_PWM_PulseFinishedCallback
                0x08001252       0x14 build/stm32f4xx_hal_tim.o
                0x08001252                HAL_TIM_PWM_PulseFinishedCallback
 .text.HAL_TIM_TriggerCallback
                0x08001266       0x14 build/stm32f4xx_hal_tim.o
                0x08001266                HAL_TIM_TriggerCallback
 *fill*         0x0800127a        0x2 
 .text.TIM_Base_SetConfig
                0x0800127c      0x118 build/stm32f4xx_hal_tim.o
                0x0800127c                TIM_Base_SetConfig
 .text.TIM_OC1_SetConfig
                0x08001394       0xcc build/stm32f4xx_hal_tim.o
 .text.TIM_OC2_SetConfig
                0x08001460       0xd8 build/stm32f4xx_hal_tim.o
                0x08001460                TIM_OC2_SetConfig
 .text.TIM_OC3_SetConfig
                0x08001538       0xd4 build/stm32f4xx_hal_tim.o
 .text.TIM_OC4_SetConfig
                0x0800160c       0xa0 build/stm32f4xx_hal_tim.o
 .text.TIM_TI1_ConfigInputStage
                0x080016ac       0x5e build/stm32f4xx_hal_tim.o
 .text.TIM_TI2_ConfigInputStage
                0x0800170a       0x60 build/stm32f4xx_hal_tim.o
 .text.TIM_ITRx_SetConfig
                0x0800176a       0x36 build/stm32f4xx_hal_tim.o
 .text.TIM_ETR_SetConfig
                0x080017a0       0x40 build/stm32f4xx_hal_tim.o
                0x080017a0                TIM_ETR_SetConfig
 .text.TIM_CCxChannelCmd
                0x080017e0       0x4a build/stm32f4xx_hal_tim.o
                0x080017e0                TIM_CCxChannelCmd
 *fill*         0x0800182a        0x2 
 .text.HAL_TIMEx_MasterConfigSynchronization
                0x0800182c       0xdc build/stm32f4xx_hal_tim_ex.o
                0x0800182c                HAL_TIMEx_MasterConfigSynchronization
 .text.HAL_TIMEx_CommutCallback
                0x08001908       0x14 build/stm32f4xx_hal_tim_ex.o
                0x08001908                HAL_TIMEx_CommutCallback
 .text.HAL_TIMEx_BreakCallback
                0x0800191c       0x14 build/stm32f4xx_hal_tim_ex.o
                0x0800191c                HAL_TIMEx_BreakCallback
 .text.HAL_RCC_OscConfig
                0x08001930      0x4f0 build/stm32f4xx_hal_rcc.o
                0x08001930                HAL_RCC_OscConfig
 .text.HAL_RCC_ClockConfig
                0x08001e20      0x1cc build/stm32f4xx_hal_rcc.o
                0x08001e20                HAL_RCC_ClockConfig
 .text.HAL_RCC_GetSysClockFreq
                0x08001fec      0x18c build/stm32f4xx_hal_rcc.o
                0x08001fec                HAL_RCC_GetSysClockFreq
 .text.HAL_RCC_GetHCLKFreq
                0x08002178       0x18 build/stm32f4xx_hal_rcc.o
                0x08002178                HAL_RCC_GetHCLKFreq
 .text.HAL_GPIO_Init
                0x08002190      0x308 build/stm32f4xx_hal_gpio.o
                0x08002190                HAL_GPIO_Init
 .text.HAL_GPIO_WritePin
                0x08002498       0x32 build/stm32f4xx_hal_gpio.o
                0x08002498                HAL_GPIO_WritePin
 *fill*         0x080024ca        0x2 
 .text.__NVIC_SetPriorityGrouping
                0x080024cc       0x48 build/stm32f4xx_hal_cortex.o
 .text.__NVIC_GetPriorityGrouping
                0x08002514       0x1c build/stm32f4xx_hal_cortex.o
 .text.__NVIC_EnableIRQ
                0x08002530       0x3c build/stm32f4xx_hal_cortex.o
 .text.__NVIC_SetPriority
                0x0800256c       0x54 build/stm32f4xx_hal_cortex.o
 .text.NVIC_EncodePriority
                0x080025c0       0x66 build/stm32f4xx_hal_cortex.o
 *fill*         0x08002626        0x2 
 .text.SysTick_Config
                0x08002628       0x44 build/stm32f4xx_hal_cortex.o
 .text.HAL_NVIC_SetPriorityGrouping
                0x0800266c       0x16 build/stm32f4xx_hal_cortex.o
                0x0800266c                HAL_NVIC_SetPriorityGrouping
 .text.HAL_NVIC_SetPriority
                0x08002682       0x38 build/stm32f4xx_hal_cortex.o
                0x08002682                HAL_NVIC_SetPriority
 .text.HAL_NVIC_EnableIRQ
                0x080026ba       0x1c build/stm32f4xx_hal_cortex.o
                0x080026ba                HAL_NVIC_EnableIRQ
 .text.HAL_SYSTICK_Config
                0x080026d6       0x18 build/stm32f4xx_hal_cortex.o
                0x080026d6                HAL_SYSTICK_Config
 *fill*         0x080026ee        0x2 
 .text.HAL_Init
                0x080026f0       0x44 build/stm32f4xx_hal.o
                0x080026f0                HAL_Init
 .text.HAL_InitTick
                0x08002734       0x60 build/stm32f4xx_hal.o
                0x08002734                HAL_InitTick
 .text.HAL_IncTick
                0x08002794       0x28 build/stm32f4xx_hal.o
                0x08002794                HAL_IncTick
 .text.HAL_GetTick
                0x080027bc       0x18 build/stm32f4xx_hal.o
                0x080027bc                HAL_GetTick
 .text.HAL_Delay
                0x080027d4       0x48 build/stm32f4xx_hal.o
                0x080027d4                HAL_Delay
 .text.SystemInit
                0x0800281c       0x24 build/system_stm32f4xx.o
                0x0800281c                SystemInit
 .text.HAL_ADC_Init
                0x08002840       0x86 build/stm32f4xx_hal_adc.o
                0x08002840                HAL_ADC_Init
 *fill*         0x080028c6        0x2 
 .text.HAL_ADC_Start
                0x080028c8      0x168 build/stm32f4xx_hal_adc.o
                0x080028c8                HAL_ADC_Start
 .text.HAL_ADC_PollForConversion
                0x08002a30      0x116 build/stm32f4xx_hal_adc.o
                0x08002a30                HAL_ADC_PollForConversion
 .text.HAL_ADC_GetValue
                0x08002b46       0x1a build/stm32f4xx_hal_adc.o
                0x08002b46                HAL_ADC_GetValue
 .text.HAL_ADC_ConfigChannel
                0x08002b60      0x264 build/stm32f4xx_hal_adc.o
                0x08002b60                HAL_ADC_ConfigChannel
 .text.ADC_Init
                0x08002dc4      0x1f8 build/stm32f4xx_hal_adc.o
 .text.MX_USB_DEVICE_Init
                0x08002fbc       0x60 build/usb_device.o
                0x08002fbc                MX_USB_DEVICE_Init
 .text.USBD_FS_DeviceDescriptor
                0x0800301c       0x24 build/usbd_desc.o
                0x0800301c                USBD_FS_DeviceDescriptor
 .text.USBD_FS_LangIDStrDescriptor
                0x08003040       0x24 build/usbd_desc.o
                0x08003040                USBD_FS_LangIDStrDescriptor
 .text.USBD_FS_ProductStrDescriptor
                0x08003064       0x3c build/usbd_desc.o
                0x08003064                USBD_FS_ProductStrDescriptor
 .text.USBD_FS_ManufacturerStrDescriptor
                0x080030a0       0x28 build/usbd_desc.o
                0x080030a0                USBD_FS_ManufacturerStrDescriptor
 .text.USBD_FS_SerialStrDescriptor
                0x080030c8       0x24 build/usbd_desc.o
                0x080030c8                USBD_FS_SerialStrDescriptor
 .text.USBD_FS_ConfigStrDescriptor
                0x080030ec       0x3c build/usbd_desc.o
                0x080030ec                USBD_FS_ConfigStrDescriptor
 .text.USBD_FS_InterfaceStrDescriptor
                0x08003128       0x3c build/usbd_desc.o
                0x08003128                USBD_FS_InterfaceStrDescriptor
 .text.Get_SerialNum
                0x08003164       0x58 build/usbd_desc.o
 .text.IntToUnicode
                0x080031bc       0x7e build/usbd_desc.o
 *fill*         0x0800323a        0x2 
 .text.CDC_Init_FS
                0x0800323c       0x28 build/usbd_cdc_if.o
 .text.CDC_DeInit_FS
                0x08003264       0x10 build/usbd_cdc_if.o
 .text.CDC_Control_FS
                0x08003274       0xbc build/usbd_cdc_if.o
 .text.CDC_Receive_FS
                0x08003330       0x28 build/usbd_cdc_if.o
 .text.CDC_Transmit_FS
                0x08003358       0x4c build/usbd_cdc_if.o
                0x08003358                CDC_Transmit_FS
 .text.CDC_TransmitCplt_FS
                0x080033a4       0x22 build/usbd_cdc_if.o
 *fill*         0x080033c6        0x2 
 .text.HAL_PCD_MspInit
                0x080033c8       0xa8 build/usbd_conf.o
                0x080033c8                HAL_PCD_MspInit
 .text.HAL_PCD_SetupStageCallback
                0x08003470       0x24 build/usbd_conf.o
                0x08003470                HAL_PCD_SetupStageCallback
 .text.HAL_PCD_DataOutStageCallback
                0x08003494       0x36 build/usbd_conf.o
                0x08003494                HAL_PCD_DataOutStageCallback
 .text.HAL_PCD_DataInStageCallback
                0x080034ca       0x34 build/usbd_conf.o
                0x080034ca                HAL_PCD_DataInStageCallback
 .text.HAL_PCD_SOFCallback
                0x080034fe       0x1c build/usbd_conf.o
                0x080034fe                HAL_PCD_SOFCallback
 .text.HAL_PCD_ResetCallback
                0x0800351a       0x3c build/usbd_conf.o
                0x0800351a                HAL_PCD_ResetCallback
 *fill*         0x08003556        0x2 
 .text.HAL_PCD_SuspendCallback
                0x08003558       0x4c build/usbd_conf.o
                0x08003558                HAL_PCD_SuspendCallback
 .text.HAL_PCD_ResumeCallback
                0x080035a4       0x1c build/usbd_conf.o
                0x080035a4                HAL_PCD_ResumeCallback
 .text.HAL_PCD_ISOOUTIncompleteCallback
                0x080035c0       0x24 build/usbd_conf.o
                0x080035c0                HAL_PCD_ISOOUTIncompleteCallback
 .text.HAL_PCD_ISOINIncompleteCallback
                0x080035e4       0x24 build/usbd_conf.o
                0x080035e4                HAL_PCD_ISOINIncompleteCallback
 .text.HAL_PCD_ConnectCallback
                0x08003608       0x1c build/usbd_conf.o
                0x08003608                HAL_PCD_ConnectCallback
 .text.HAL_PCD_DisconnectCallback
                0x08003624       0x1c build/usbd_conf.o
                0x08003624                HAL_PCD_DisconnectCallback
 .text.USBD_LL_Init
                0x08003640       0x98 build/usbd_conf.o
                0x08003640                USBD_LL_Init
 .text.USBD_LL_Start
                0x080036d8       0x36 build/usbd_conf.o
                0x080036d8                USBD_LL_Start
 .text.USBD_LL_OpenEP
                0x0800370e       0x4c build/usbd_conf.o
                0x0800370e                USBD_LL_OpenEP
 .text.USBD_LL_CloseEP
                0x0800375a       0x3e build/usbd_conf.o
                0x0800375a                USBD_LL_CloseEP
 .text.USBD_LL_StallEP
                0x08003798       0x3e build/usbd_conf.o
                0x08003798                USBD_LL_StallEP
 .text.USBD_LL_ClearStallEP
                0x080037d6       0x3e build/usbd_conf.o
                0x080037d6                USBD_LL_ClearStallEP
 .text.USBD_LL_IsStallEP
                0x08003814       0x58 build/usbd_conf.o
                0x08003814                USBD_LL_IsStallEP
 .text.USBD_LL_SetUSBAddress
                0x0800386c       0x3e build/usbd_conf.o
                0x0800386c                USBD_LL_SetUSBAddress
 .text.USBD_LL_Transmit
                0x080038aa       0x42 build/usbd_conf.o
                0x080038aa                USBD_LL_Transmit
 .text.USBD_LL_PrepareReceive
                0x080038ec       0x42 build/usbd_conf.o
                0x080038ec                USBD_LL_PrepareReceive
 .text.USBD_LL_GetRxDataSize
                0x0800392e       0x26 build/usbd_conf.o
                0x0800392e                USBD_LL_GetRxDataSize
 .text.USBD_static_malloc
                0x08003954       0x1c build/usbd_conf.o
                0x08003954                USBD_static_malloc
 .text.USBD_static_free
                0x08003970       0x14 build/usbd_conf.o
                0x08003970                USBD_static_free
 .text.USBD_Get_USB_Status
                0x08003984       0x58 build/usbd_conf.o
                0x08003984                USBD_Get_USB_Status
 .text.HAL_PCD_Init
                0x080039dc      0x21e build/stm32f4xx_hal_pcd.o
                0x080039dc                HAL_PCD_Init
 .text.HAL_PCD_Start
                0x08003bfa       0x6a build/stm32f4xx_hal_pcd.o
                0x08003bfa                HAL_PCD_Start
 .text.HAL_PCD_IRQHandler
                0x08003c64      0x942 build/stm32f4xx_hal_pcd.o
                0x08003c64                HAL_PCD_IRQHandler
 .text.HAL_PCD_SetAddress
                0x080045a6       0x48 build/stm32f4xx_hal_pcd.o
                0x080045a6                HAL_PCD_SetAddress
 .text.HAL_PCD_EP_Open
                0x080045ee       0xd4 build/stm32f4xx_hal_pcd.o
                0x080045ee                HAL_PCD_EP_Open
 .text.HAL_PCD_EP_Close
                0x080046c2       0x94 build/stm32f4xx_hal_pcd.o
                0x080046c2                HAL_PCD_EP_Close
 .text.HAL_PCD_EP_Receive
                0x08004756       0x76 build/stm32f4xx_hal_pcd.o
                0x08004756                HAL_PCD_EP_Receive
 .text.HAL_PCD_EP_GetRxCount
                0x080047cc       0x30 build/stm32f4xx_hal_pcd.o
                0x080047cc                HAL_PCD_EP_GetRxCount
 .text.HAL_PCD_EP_Transmit
                0x080047fc       0x74 build/stm32f4xx_hal_pcd.o
                0x080047fc                HAL_PCD_EP_Transmit
 .text.HAL_PCD_EP_SetStall
                0x08004870       0xc6 build/stm32f4xx_hal_pcd.o
                0x08004870                HAL_PCD_EP_SetStall
 .text.HAL_PCD_EP_ClrStall
                0x08004936       0xac build/stm32f4xx_hal_pcd.o
                0x08004936                HAL_PCD_EP_ClrStall
 .text.HAL_PCD_EP_Abort
                0x080049e2       0x62 build/stm32f4xx_hal_pcd.o
                0x080049e2                HAL_PCD_EP_Abort
 .text.PCD_WriteEmptyTxFifo
                0x08004a44      0x118 build/stm32f4xx_hal_pcd.o
 .text.PCD_EP_OutXfrComplete_int
                0x08004b5c      0x1d0 build/stm32f4xx_hal_pcd.o
 .text.PCD_EP_OutSetupPacket_int
                0x08004d2c       0x8c build/stm32f4xx_hal_pcd.o
 .text.HAL_PCDEx_SetTxFiFo
                0x08004db8       0x8e build/stm32f4xx_hal_pcd_ex.o
                0x08004db8                HAL_PCDEx_SetTxFiFo
 .text.HAL_PCDEx_SetRxFiFo
                0x08004e46       0x22 build/stm32f4xx_hal_pcd_ex.o
                0x08004e46                HAL_PCDEx_SetRxFiFo
 .text.HAL_PCDEx_LPM_Callback
                0x08004e68       0x18 build/stm32f4xx_hal_pcd_ex.o
                0x08004e68                HAL_PCDEx_LPM_Callback
 .text.USB_CoreInit
                0x08004e80       0xc8 build/stm32f4xx_ll_usb.o
                0x08004e80                USB_CoreInit
 .text.USB_SetTurnaroundTime
                0x08004f48      0x144 build/stm32f4xx_ll_usb.o
                0x08004f48                USB_SetTurnaroundTime
 .text.USB_EnableGlobalInt
                0x0800508c       0x22 build/stm32f4xx_ll_usb.o
                0x0800508c                USB_EnableGlobalInt
 .text.USB_DisableGlobalInt
                0x080050ae       0x22 build/stm32f4xx_ll_usb.o
                0x080050ae                USB_DisableGlobalInt
 .text.USB_SetCurrentMode
                0x080050d0       0x98 build/stm32f4xx_ll_usb.o
                0x080050d0                USB_SetCurrentMode
 .text.USB_DevInit
                0x08005168      0x2c8 build/stm32f4xx_ll_usb.o
                0x08005168                USB_DevInit
 .text.USB_FlushTxFifo
                0x08005430       0x64 build/stm32f4xx_ll_usb.o
                0x08005430                USB_FlushTxFifo
 .text.USB_FlushRxFifo
                0x08005494       0x5c build/stm32f4xx_ll_usb.o
                0x08005494                USB_FlushRxFifo
 .text.USB_SetDevSpeed
                0x080054f0       0x32 build/stm32f4xx_ll_usb.o
                0x080054f0                USB_SetDevSpeed
 .text.USB_GetDevSpeed
                0x08005522       0x4a build/stm32f4xx_ll_usb.o
                0x08005522                USB_GetDevSpeed
 .text.USB_ActivateEndpoint
                0x0800556c      0x10e build/stm32f4xx_ll_usb.o
                0x0800556c                USB_ActivateEndpoint
 *fill*         0x0800567a        0x2 
 .text.USB_DeactivateEndpoint
                0x0800567c      0x1b8 build/stm32f4xx_ll_usb.o
                0x0800567c                USB_DeactivateEndpoint
 .text.USB_EPStartXfer
                0x08005834      0x53c build/stm32f4xx_ll_usb.o
                0x08005834                USB_EPStartXfer
 .text.USB_EPStopXfer
                0x08005d70      0x154 build/stm32f4xx_ll_usb.o
                0x08005d70                USB_EPStopXfer
 .text.USB_WritePacket
                0x08005ec4       0x7c build/stm32f4xx_ll_usb.o
                0x08005ec4                USB_WritePacket
 .text.USB_ReadPacket
                0x08005f40       0xb0 build/stm32f4xx_ll_usb.o
                0x08005f40                USB_ReadPacket
 .text.USB_EPSetStall
                0x08005ff0       0xdc build/stm32f4xx_ll_usb.o
                0x08005ff0                USB_EPSetStall
 .text.USB_EPClearStall
                0x080060cc       0xcc build/stm32f4xx_ll_usb.o
                0x080060cc                USB_EPClearStall
 .text.USB_SetDevAddress
                0x08006198       0x4c build/stm32f4xx_ll_usb.o
                0x08006198                USB_SetDevAddress
 .text.USB_DevConnect
                0x080061e4       0x42 build/stm32f4xx_ll_usb.o
                0x080061e4                USB_DevConnect
 .text.USB_DevDisconnect
                0x08006226       0x42 build/stm32f4xx_ll_usb.o
                0x08006226                USB_DevDisconnect
 .text.USB_ReadInterrupts
                0x08006268       0x26 build/stm32f4xx_ll_usb.o
                0x08006268                USB_ReadInterrupts
 .text.USB_ReadDevAllOutEpInterrupt
                0x0800628e       0x34 build/stm32f4xx_ll_usb.o
                0x0800628e                USB_ReadDevAllOutEpInterrupt
 .text.USB_ReadDevAllInEpInterrupt
                0x080062c2       0x34 build/stm32f4xx_ll_usb.o
                0x080062c2                USB_ReadDevAllInEpInterrupt
 .text.USB_ReadDevOutEPInterrupt
                0x080062f6       0x3c build/stm32f4xx_ll_usb.o
                0x080062f6                USB_ReadDevOutEPInterrupt
 .text.USB_ReadDevInEPInterrupt
                0x08006332       0x5c build/stm32f4xx_ll_usb.o
                0x08006332                USB_ReadDevInEPInterrupt
 .text.USB_GetMode
                0x0800638e       0x1c build/stm32f4xx_ll_usb.o
                0x0800638e                USB_GetMode
 .text.USB_ActivateSetup
                0x080063aa       0x46 build/stm32f4xx_ll_usb.o
                0x080063aa                USB_ActivateSetup
 .text.USB_EP0_OutStart
                0x080063f0       0xbc build/stm32f4xx_ll_usb.o
                0x080063f0                USB_EP0_OutStart
 .text.USB_CoreReset
                0x080064ac       0x62 build/stm32f4xx_ll_usb.o
 .text.USBD_Init
                0x0800650e       0x60 build/usbd_core.o
                0x0800650e                USBD_Init
 .text.USBD_RegisterClass
                0x0800656e       0x6c build/usbd_core.o
                0x0800656e                USBD_RegisterClass
 .text.USBD_Start
                0x080065da       0x18 build/usbd_core.o
                0x080065da                USBD_Start
 .text.USBD_RunTestMode
                0x080065f2       0x16 build/usbd_core.o
                0x080065f2                USBD_RunTestMode
 .text.USBD_SetClassConfig
                0x08006608       0x38 build/usbd_core.o
                0x08006608                USBD_SetClassConfig
 .text.USBD_ClrClassConfig
                0x08006640       0x34 build/usbd_core.o
                0x08006640                USBD_ClrClassConfig
 .text.USBD_LL_SetupStage
                0x08006674       0xaa build/usbd_core.o
                0x08006674                USBD_LL_SetupStage
 .text.USBD_LL_DataOutStage
                0x0800671e      0x166 build/usbd_core.o
                0x0800671e                USBD_LL_DataOutStage
 .text.USBD_LL_DataInStage
                0x08006884      0x164 build/usbd_core.o
                0x08006884                USBD_LL_DataInStage
 .text.USBD_LL_Reset
                0x080069e8       0xa4 build/usbd_core.o
                0x080069e8                USBD_LL_Reset
 .text.USBD_LL_SetSpeed
                0x08006a8c       0x20 build/usbd_core.o
                0x08006a8c                USBD_LL_SetSpeed
 .text.USBD_LL_Suspend
                0x08006aac       0x38 build/usbd_core.o
                0x08006aac                USBD_LL_Suspend
 .text.USBD_LL_Resume
                0x08006ae4       0x30 build/usbd_core.o
                0x08006ae4                USBD_LL_Resume
 .text.USBD_LL_SOF
                0x08006b14       0x40 build/usbd_core.o
                0x08006b14                USBD_LL_SOF
 .text.USBD_LL_IsoINIncomplete
                0x08006b54       0x64 build/usbd_core.o
                0x08006b54                USBD_LL_IsoINIncomplete
 .text.USBD_LL_IsoOUTIncomplete
                0x08006bb8       0x64 build/usbd_core.o
                0x08006bb8                USBD_LL_IsoOUTIncomplete
 .text.USBD_LL_DevConnected
                0x08006c1c       0x16 build/usbd_core.o
                0x08006c1c                USBD_LL_DevConnected
 .text.USBD_LL_DevDisconnected
                0x08006c32       0x46 build/usbd_core.o
                0x08006c32                USBD_LL_DevDisconnected
 .text.USBD_CoreFindIF
                0x08006c78       0x1a build/usbd_core.o
                0x08006c78                USBD_CoreFindIF
 .text.USBD_CoreFindEP
                0x08006c92       0x1a build/usbd_core.o
                0x08006c92                USBD_CoreFindEP
 .text.USBD_GetEpDesc
                0x08006cac       0x74 build/usbd_core.o
                0x08006cac                USBD_GetEpDesc
 .text.USBD_GetNextDesc
                0x08006d20       0x3a build/usbd_core.o
                0x08006d20                USBD_GetNextDesc
 .text.SWAPBYTE
                0x08006d5a       0x3c build/usbd_ctlreq.o
 *fill*         0x08006d96        0x2 
 .text.USBD_StdDevReq
                0x08006d98       0xe4 build/usbd_ctlreq.o
                0x08006d98                USBD_StdDevReq
 .text.USBD_StdItfReq
                0x08006e7c       0xd8 build/usbd_ctlreq.o
                0x08006e7c                USBD_StdItfReq
 .text.USBD_StdEPReq
                0x08006f54      0x33a build/usbd_ctlreq.o
                0x08006f54                USBD_StdEPReq
 *fill*         0x0800728e        0x2 
 .text.USBD_GetDescriptor
                0x08007290      0x2d4 build/usbd_ctlreq.o
 .text.USBD_SetAddress
                0x08007564       0x88 build/usbd_ctlreq.o
 .text.USBD_SetConfig
                0x080075ec      0x154 build/usbd_ctlreq.o
 .text.USBD_GetConfig
                0x08007740       0x6c build/usbd_ctlreq.o
 .text.USBD_GetStatus
                0x080077ac       0x68 build/usbd_ctlreq.o
 .text.USBD_SetFeature
                0x08007814       0x52 build/usbd_ctlreq.o
 .text.USBD_ClrFeature
                0x08007866       0x44 build/usbd_ctlreq.o
 .text.USBD_ParseSetupRequest
                0x080078aa       0x74 build/usbd_ctlreq.o
                0x080078aa                USBD_ParseSetupRequest
 .text.USBD_CtlError
                0x0800791e       0x22 build/usbd_ctlreq.o
                0x0800791e                USBD_CtlError
 .text.USBD_GetString
                0x08007940       0xa4 build/usbd_ctlreq.o
                0x08007940                USBD_GetString
 .text.USBD_GetLen
                0x080079e4       0x34 build/usbd_ctlreq.o
 .text.USBD_CtlSendData
                0x08007a18       0x36 build/usbd_ioreq.o
                0x08007a18                USBD_CtlSendData
 .text.USBD_CtlContinueSendData
                0x08007a4e       0x22 build/usbd_ioreq.o
                0x08007a4e                USBD_CtlContinueSendData
 .text.USBD_CtlPrepareRx
                0x08007a70       0x3a build/usbd_ioreq.o
                0x08007a70                USBD_CtlPrepareRx
 .text.USBD_CtlContinueRx
                0x08007aaa       0x22 build/usbd_ioreq.o
                0x08007aaa                USBD_CtlContinueRx
 .text.USBD_CtlSendStatus
                0x08007acc       0x26 build/usbd_ioreq.o
                0x08007acc                USBD_CtlSendStatus
 .text.USBD_CtlReceiveStatus
                0x08007af2       0x26 build/usbd_ioreq.o
                0x08007af2                USBD_CtlReceiveStatus
 .text.USBD_CDC_Init
                0x08007b18      0x1f0 build/usbd_cdc.o
 .text.USBD_CDC_DeInit
                0x08007d08      0x104 build/usbd_cdc.o
 .text.USBD_CDC_Setup
                0x08007e0c      0x1b8 build/usbd_cdc.o
 .text.USBD_CDC_DataIn
                0x08007fc4       0xfe build/usbd_cdc.o
 .text.USBD_CDC_DataOut
                0x080080c2       0x70 build/usbd_cdc.o
 .text.USBD_CDC_EP0_RxReady
                0x08008132       0x76 build/usbd_cdc.o
 .text.USBD_CDC_GetFSCfgDesc
                0x080081a8       0x70 build/usbd_cdc.o
 .text.USBD_CDC_GetHSCfgDesc
                0x08008218       0x70 build/usbd_cdc.o
 .text.USBD_CDC_GetOtherSpeedCfgDesc
                0x08008288       0x70 build/usbd_cdc.o
 .text.USBD_CDC_GetDeviceQualifierDescriptor
                0x080082f8       0x20 build/usbd_cdc.o
                0x080082f8                USBD_CDC_GetDeviceQualifierDescriptor
 .text.USBD_CDC_RegisterInterface
                0x08008318       0x34 build/usbd_cdc.o
                0x08008318                USBD_CDC_RegisterInterface
 .text.USBD_CDC_SetTxBuffer
                0x0800834c       0x44 build/usbd_cdc.o
                0x0800834c                USBD_CDC_SetTxBuffer
 .text.USBD_CDC_SetRxBuffer
                0x08008390       0x3a build/usbd_cdc.o
                0x08008390                USBD_CDC_SetRxBuffer
 *fill*         0x080083ca        0x2 
 .text.USBD_CDC_TransmitPacket
                0x080083cc       0x80 build/usbd_cdc.o
                0x080083cc                USBD_CDC_TransmitPacket
 .text.USBD_CDC_ReceivePacket
                0x0800844c       0x6c build/usbd_cdc.o
                0x0800844c                USBD_CDC_ReceivePacket
 .text._sbrk    0x080084b8       0x6c build/sysmem.o
                0x080084b8                _sbrk
 .text.Reset_Handler
                0x08008524       0x50 build/startup_stm32f411xe.o
                0x08008524                Reset_Handler
 .text.Default_Handler
                0x08008574        0x2 build/startup_stm32f411xe.o
                0x08008574                RTC_Alarm_IRQHandler
                0x08008574                EXTI2_IRQHandler
                0x08008574                SPI4_IRQHandler
                0x08008574                TIM1_CC_IRQHandler
                0x08008574                DMA2_Stream5_IRQHandler
                0x08008574                DMA1_Stream5_IRQHandler
                0x08008574                PVD_IRQHandler
                0x08008574                SDIO_IRQHandler
                0x08008574                TAMP_STAMP_IRQHandler
                0x08008574                EXTI3_IRQHandler
                0x08008574                TIM1_UP_TIM10_IRQHandler
                0x08008574                I2C3_ER_IRQHandler
                0x08008574                EXTI0_IRQHandler
                0x08008574                I2C2_EV_IRQHandler
                0x08008574                DMA1_Stream2_IRQHandler
                0x08008574                FPU_IRQHandler
                0x08008574                DMA2_Stream2_IRQHandler
                0x08008574                SPI1_IRQHandler
                0x08008574                TIM1_BRK_TIM9_IRQHandler
                0x08008574                DMA2_Stream3_IRQHandler
                0x08008574                USART6_IRQHandler
                0x08008574                DMA2_Stream0_IRQHandler
                0x08008574                I2C1_EV_IRQHandler
                0x08008574                DMA1_Stream6_IRQHandler
                0x08008574                DMA1_Stream1_IRQHandler
                0x08008574                TIM3_IRQHandler
                0x08008574                RCC_IRQHandler
                0x08008574                Default_Handler
                0x08008574                EXTI15_10_IRQHandler
                0x08008574                ADC_IRQHandler
                0x08008574                DMA1_Stream7_IRQHandler
                0x08008574                SPI5_IRQHandler
                0x08008574                TIM5_IRQHandler
                0x08008574                DMA2_Stream7_IRQHandler
                0x08008574                I2C3_EV_IRQHandler
                0x08008574                EXTI9_5_IRQHandler
                0x08008574                RTC_WKUP_IRQHandler
                0x08008574                SPI2_IRQHandler
                0x08008574                DMA1_Stream0_IRQHandler
                0x08008574                EXTI4_IRQHandler
                0x08008574                WWDG_IRQHandler
                0x08008574                TIM2_IRQHandler
                0x08008574                OTG_FS_WKUP_IRQHandler
                0x08008574                TIM1_TRG_COM_TIM11_IRQHandler
                0x08008574                EXTI1_IRQHandler
                0x08008574                USART2_IRQHandler
                0x08008574                I2C2_ER_IRQHandler
                0x08008574                DMA2_Stream1_IRQHandler
                0x08008574                FLASH_IRQHandler
                0x08008574                DMA2_Stream4_IRQHandler
                0x08008574                USART1_IRQHandler
                0x08008574                SPI3_IRQHandler
                0x08008574                DMA1_Stream4_IRQHandler
                0x08008574                I2C1_ER_IRQHandler
                0x08008574                DMA2_Stream6_IRQHandler
                0x08008574                DMA1_Stream3_IRQHandler
 *fill*         0x08008576        0x2 
 .text.sprintf  0x08008578       0x40 c:/arm-gcc/tools/tools/arm-gnu-toolchain-11.3.rel1-mingw-w64-i686-arm-none-eabi/bin/../lib/gcc/arm-none-eabi/11.3.1/thumb/v7e-m+fp/hard\libc_nano.a(libc_a-sprintf.o)
                0x08008578                siprintf
                0x08008578                sprintf
 .text.memset   0x080085b8       0x10 c:/arm-gcc/tools/tools/arm-gnu-toolchain-11.3.rel1-mingw-w64-i686-arm-none-eabi/bin/../lib/gcc/arm-none-eabi/11.3.1/thumb/v7e-m+fp/hard\libc_nano.a(libc_a-memset.o)
                0x080085b8                memset
 .text.__errno  0x080085c8        0xc c:/arm-gcc/tools/tools/arm-gnu-toolchain-11.3.rel1-mingw-w64-i686-arm-none-eabi/bin/../lib/gcc/arm-none-eabi/11.3.1/thumb/v7e-m+fp/hard\libc_nano.a(libc_a-errno.o)
                0x080085c8                __errno
 .text.__libc_init_array
                0x080085d4       0x48 c:/arm-gcc/tools/tools/arm-gnu-toolchain-11.3.rel1-mingw-w64-i686-arm-none-eabi/bin/../lib/gcc/arm-none-eabi/11.3.1/thumb/v7e-m+fp/hard\libc_nano.a(libc_a-init.o)
                0x080085d4                __libc_init_array
 .text.__retarget_lock_acquire_recursive
                0x0800861c        0x2 c:/arm-gcc/tools/tools/arm-gnu-toolchain-11.3.rel1-mingw-w64-i686-arm-none-eabi/bin/../lib/gcc/arm-none-eabi/11.3.1/thumb/v7e-m+fp/hard\libc_nano.a(libc_a-lock.o)
                0x0800861c                __retarget_lock_acquire_recursive
 .text.__retarget_lock_release_recursive
                0x0800861e        0x2 c:/arm-gcc/tools/tools/arm-gnu-toolchain-11.3.rel1-mingw-w64-i686-arm-none-eabi/bin/../lib/gcc/arm-none-eabi/11.3.1/thumb/v7e-m+fp/hard\libc_nano.a(libc_a-lock.o)
                0x0800861e                __retarget_lock_release_recursive
 .text._free_r  0x08008620       0x98 c:/arm-gcc/tools/tools/arm-gnu-toolchain-11.3.rel1-mingw-w64-i686-arm-none-eabi/bin/../lib/gcc/arm-none-eabi/11.3.1/thumb/v7e-m+fp/hard\libc_nano.a(libc_a-freer.o)
                0x08008620                _free_r
 .text.sbrk_aligned
                0x080086b8       0x40 c:/arm-gcc/tools/tools/arm-gnu-toolchain-11.3.rel1-mingw-w64-i686-arm-none-eabi/bin/../lib/gcc/arm-none-eabi/11.3.1/thumb/v7e-m+fp/hard\libc_nano.a(libc_a-mallocr.o)
 .text._malloc_r
                0x080086f8       0xec c:/arm-gcc/tools/tools/arm-gnu-toolchain-11.3.rel1-mingw-w64-i686-arm-none-eabi/bin/../lib/gcc/arm-none-eabi/11.3.1/thumb/v7e-m+fp/hard\libc_nano.a(libc_a-mallocr.o)
                0x080086f8                _malloc_r
 .text.__malloc_lock
                0x080087e4        0xc c:/arm-gcc/tools/tools/arm-gnu-toolchain-11.3.rel1-mingw-w64-i686-arm-none-eabi/bin/../lib/gcc/arm-none-eabi/11.3.1/thumb/v7e-m+fp/hard\libc_nano.a(libc_a-mlock.o)
                0x080087e4                __malloc_lock
 .text.__malloc_unlock
                0x080087f0        0xc c:/arm-gcc/tools/tools/arm-gnu-toolchain-11.3.rel1-mingw-w64-i686-arm-none-eabi/bin/../lib/gcc/arm-none-eabi/11.3.1/thumb/v7e-m+fp/hard\libc_nano.a(libc_a-mlock.o)
                0x080087f0                __malloc_unlock
 .text.__ssputs_r
                0x080087fc       0xb4 c:/arm-gcc/tools/tools/arm-gnu-toolchain-11.3.rel1-mingw-w64-i686-arm-none-eabi/bin/../lib/gcc/arm-none-eabi/11.3.1/thumb/v7e-m+fp/hard\libc_nano.a(libc_a-nano-svfprintf.o)
                0x080087fc                __ssputs_r
 .text._svfprintf_r
                0x080088b0      0x1fc c:/arm-gcc/tools/tools/arm-gnu-toolchain-11.3.rel1-mingw-w64-i686-arm-none-eabi/bin/../lib/gcc/arm-none-eabi/11.3.1/thumb/v7e-m+fp/hard\libc_nano.a(libc_a-nano-svfprintf.o)
                0x080088b0                _svfiprintf_r
                0x080088b0                _svfprintf_r
 .text._printf_common
                0x08008aac       0xda c:/arm-gcc/tools/tools/arm-gnu-toolchain-11.3.rel1-mingw-w64-i686-arm-none-eabi/bin/../lib/gcc/arm-none-eabi/11.3.1/thumb/v7e-m+fp/hard\libc_nano.a(libc_a-nano-vfprintf_i.o)
                0x08008aac                _printf_common
 *fill*         0x08008b86        0x2 
 .text._printf_i
                0x08008b88      0x244 c:/arm-gcc/tools/tools/arm-gnu-toolchain-11.3.rel1-mingw-w64-i686-arm-none-eabi/bin/../lib/gcc/arm-none-eabi/11.3.1/thumb/v7e-m+fp/hard\libc_nano.a(libc_a-nano-vfprintf_i.o)
                0x08008b88                _printf_i
 .text.memmove  0x08008dcc       0x34 c:/arm-gcc/tools/tools/arm-gnu-toolchain-11.3.rel1-mingw-w64-i686-arm-none-eabi/bin/../lib/gcc/arm-none-eabi/11.3.1/thumb/v7e-m+fp/hard\libc_nano.a(libc_a-memmove.o)
                0x08008dcc                memmove
 .text._sbrk_r  0x08008e00       0x20 c:/arm-gcc/tools/tools/arm-gnu-toolchain-11.3.rel1-mingw-w64-i686-arm-none-eabi/bin/../lib/gcc/arm-none-eabi/11.3.1/thumb/v7e-m+fp/hard\libc_nano.a(libc_a-sbrkr.o)
                0x08008e00                _sbrk_r
 .text.memcpy   0x08008e20       0x1c c:/arm-gcc/tools/tools/arm-gnu-toolchain-11.3.rel1-mingw-w64-i686-arm-none-eabi/bin/../lib/gcc/arm-none-eabi/11.3.1/thumb/v7e-m+fp/hard\libc_nano.a(libc_a-memcpy-stub.o)
                0x08008e20                memcpy
 .text._realloc_r
                0x08008e3c       0x5e c:/arm-gcc/tools/tools/arm-gnu-toolchain-11.3.rel1-mingw-w64-i686-arm-none-eabi/bin/../lib/gcc/arm-none-eabi/11.3.1/thumb/v7e-m+fp/hard\libc_nano.a(libc_a-reallocr.o)
                0x08008e3c                _realloc_r
 .text._malloc_usable_size_r
                0x08008e9a       0x10 c:/arm-gcc/tools/tools/arm-gnu-toolchain-11.3.rel1-mingw-w64-i686-arm-none-eabi/bin/../lib/gcc/arm-none-eabi/11.3.1/thumb/v7e-m+fp/hard\libc_nano.a(libc_a-msizer.o)
                0x08008e9a                _malloc_usable_size_r
 *fill*         0x08008eaa        0x2 
 .text.__udivmoddi4
                0x08008eac      0x2c8 c:/arm-gcc/tools/tools/arm-gnu-toolchain-11.3.rel1-mingw-w64-i686-arm-none-eabi/bin/../lib/gcc/arm-none-eabi/11.3.1/thumb/v7e-m+fp/hard\libgcc.a(_udivmoddi4.o)
                0x08008eac                __udivmoddi4
 *(.glue_7)
 .glue_7        0x08009174        0x0 linker stubs
 *(.glue_7t)
 .glue_7t       0x08009174        0x0 linker stubs
 *(.eh_frame)
 .eh_frame      0x08009174        0x0 c:/arm-gcc/tools/tools/arm-gnu-toolchain-11.3.rel1-mingw-w64-i686-arm-none-eabi/bin/../lib/gcc/arm-none-eabi/11.3.1/thumb/v7e-m+fp/hard/crtbegin.o
 *(.init)
 .init          0x08009174        0x4 c:/arm-gcc/tools/tools/arm-gnu-toolchain-11.3.rel1-mingw-w64-i686-arm-none-eabi/bin/../lib/gcc/arm-none-eabi/11.3.1/thumb/v7e-m+fp/hard/crti.o
                0x08009174                _init
 .init          0x08009178        0x8 c:/arm-gcc/tools/tools/arm-gnu-toolchain-11.3.rel1-mingw-w64-i686-arm-none-eabi/bin/../lib/gcc/arm-none-eabi/11.3.1/thumb/v7e-m+fp/hard/crtn.o
 *(.fini)
 .fini          0x08009180        0x4 c:/arm-gcc/tools/tools/arm-gnu-toolchain-11.3.rel1-mingw-w64-i686-arm-none-eabi/bin/../lib/gcc/arm-none-eabi/11.3.1/thumb/v7e-m+fp/hard/crti.o
                0x08009180                _fini
 .fini          0x08009184        0x8 c:/arm-gcc/tools/tools/arm-gnu-toolchain-11.3.rel1-mingw-w64-i686-arm-none-eabi/bin/../lib/gcc/arm-none-eabi/11.3.1/thumb/v7e-m+fp/hard/crtn.o
                0x0800918c                . = ALIGN (0x4)
                0x0800918c                _etext = .

.vfp11_veneer   0x0800918c        0x0
 .vfp11_veneer  0x0800918c        0x0 linker stubs

.v4_bx          0x0800918c        0x0
 .v4_bx         0x0800918c        0x0 linker stubs

.iplt           0x0800918c        0x0
 .iplt          0x0800918c        0x0 c:/arm-gcc/tools/tools/arm-gnu-toolchain-11.3.rel1-mingw-w64-i686-arm-none-eabi/bin/../lib/gcc/arm-none-eabi/11.3.1/thumb/v7e-m+fp/hard/crtbegin.o

.rodata         0x0800918c       0xa0
                0x0800918c                . = ALIGN (0x4)
 *(.rodata)
 .rodata        0x0800918c       0x17 build/main.o
 *fill*         0x080091a3        0x1 
 .rodata        0x080091a4       0x42 build/usbd_desc.o
 *(.rodata*)
 *fill*         0x080091e6        0x2 
 .rodata.AHBPrescTable
                0x080091e8       0x10 build/system_stm32f4xx.o
                0x080091e8                AHBPrescTable
 .rodata._svfprintf_r.str1.1
                0x080091f8       0x11 c:/arm-gcc/tools/tools/arm-gnu-toolchain-11.3.rel1-mingw-w64-i686-arm-none-eabi/bin/../lib/gcc/arm-none-eabi/11.3.1/thumb/v7e-m+fp/hard\libc_nano.a(libc_a-nano-svfprintf.o)
 .rodata._printf_i.str1.1
                0x08009209       0x22 c:/arm-gcc/tools/tools/arm-gnu-toolchain-11.3.rel1-mingw-w64-i686-arm-none-eabi/bin/../lib/gcc/arm-none-eabi/11.3.1/thumb/v7e-m+fp/hard\libc_nano.a(libc_a-nano-vfprintf_i.o)
                0x0800922c                . = ALIGN (0x4)
 *fill*         0x0800922b        0x1 

.ARM.extab
 *(.ARM.extab* .gnu.linkonce.armextab.*)

.ARM            0x0800922c        0x8
                0x0800922c                __exidx_start = .
 *(.ARM.exidx*)
 .ARM.exidx.text.__udivmoddi4
                0x0800922c        0x8 c:/arm-gcc/tools/tools/arm-gnu-toolchain-11.3.rel1-mingw-w64-i686-arm-none-eabi/bin/../lib/gcc/arm-none-eabi/11.3.1/thumb/v7e-m+fp/hard\libgcc.a(_udivmoddi4.o)
                0x08009234                __exidx_end = .

.rel.dyn        0x08009234        0x0
 .rel.iplt      0x08009234        0x0 c:/arm-gcc/tools/tools/arm-gnu-toolchain-11.3.rel1-mingw-w64-i686-arm-none-eabi/bin/../lib/gcc/arm-none-eabi/11.3.1/thumb/v7e-m+fp/hard/crtbegin.o

.preinit_array  0x08009234        0x0
                0x08009234                PROVIDE (__preinit_array_start = .)
 *(.preinit_array*)
                0x08009234                PROVIDE (__preinit_array_end = .)

.init_array     0x08009234        0x4
                0x08009234                PROVIDE (__init_array_start = .)
 *(SORT_BY_NAME(.init_array.*))
 *(.init_array*)
 .init_array    0x08009234        0x4 c:/arm-gcc/tools/tools/arm-gnu-toolchain-11.3.rel1-mingw-w64-i686-arm-none-eabi/bin/../lib/gcc/arm-none-eabi/11.3.1/thumb/v7e-m+fp/hard/crtbegin.o
                0x08009238                PROVIDE (__init_array_end = .)

.fini_array     0x08009238        0x4
                [!provide]                PROVIDE (__fini_array_start = .)
 *(SORT_BY_NAME(.fini_array.*))
 *(.fini_array*)
 .fini_array    0x08009238        0x4 c:/arm-gcc/tools/tools/arm-gnu-toolchain-11.3.rel1-mingw-w64-i686-arm-none-eabi/bin/../lib/gcc/arm-none-eabi/11.3.1/thumb/v7e-m+fp/hard/crtbegin.o
                [!provide]                PROVIDE (__fini_array_end = .)
                0x0800923c                _sidata = LOADADDR (.data)

.data           0x20000000      0x14c load address 0x0800923c
                0x20000000                . = ALIGN (0x4)
                0x20000000                _sdata = .
 *(.data)
 *(.data*)
 .data.uwTickPrio
                0x20000000        0x4 build/stm32f4xx_hal.o
                0x20000000                uwTickPrio
 .data.uwTickFreq
                0x20000004        0x1 build/stm32f4xx_hal.o
                0x20000004                uwTickFreq
 *fill*         0x20000005        0x3 
 .data.SystemCoreClock
                0x20000008        0x4 build/system_stm32f4xx.o
                0x20000008                SystemCoreClock
 .data.FS_Desc  0x2000000c       0x1c build/usbd_desc.o
                0x2000000c                FS_Desc
 .data.USBD_FS_DeviceDesc
                0x20000028       0x12 build/usbd_desc.o
                0x20000028                USBD_FS_DeviceDesc
 *fill*         0x2000003a        0x2 
 .data.USBD_LangIDDesc
                0x2000003c        0x4 build/usbd_desc.o
                0x2000003c                USBD_LangIDDesc
 .data.USBD_StringSerial
                0x20000040       0x1a build/usbd_desc.o
                0x20000040                USBD_StringSerial
 *fill*         0x2000005a        0x2 
 .data.USBD_Interface_fops_FS
                0x2000005c       0x14 build/usbd_cdc_if.o
                0x2000005c                USBD_Interface_fops_FS
 .data.USBD_CDC_DeviceQualifierDesc
                0x20000070        0xa build/usbd_cdc.o
 *fill*         0x2000007a        0x2 
 .data.USBD_CDC
                0x2000007c       0x38 build/usbd_cdc.o
                0x2000007c                USBD_CDC
 .data.USBD_CDC_CfgDesc
                0x200000b4       0x43 build/usbd_cdc.o
 .data.CDCInEpAdd
                0x200000f7        0x1 build/usbd_cdc.o
 .data.CDCOutEpAdd
                0x200000f8        0x1 build/usbd_cdc.o
 .data.CDCCmdEpAdd
                0x200000f9        0x1 build/usbd_cdc.o
 *fill*         0x200000fa        0x2 
 .data._impure_data
                0x200000fc       0x4c c:/arm-gcc/tools/tools/arm-gnu-toolchain-11.3.rel1-mingw-w64-i686-arm-none-eabi/bin/../lib/gcc/arm-none-eabi/11.3.1/thumb/v7e-m+fp/hard\libc_nano.a(libc_a-impure.o)
                0x200000fc                _impure_data
 .data._impure_ptr
                0x20000148        0x4 c:/arm-gcc/tools/tools/arm-gnu-toolchain-11.3.rel1-mingw-w64-i686-arm-none-eabi/bin/../lib/gcc/arm-none-eabi/11.3.1/thumb/v7e-m+fp/hard\libc_nano.a(libc_a-impure.o)
                0x20000148                _impure_ptr
                0x2000014c                . = ALIGN (0x4)
                0x2000014c                _edata = .

.tm_clone_table
                0x2000014c        0x0 load address 0x08009388
 .tm_clone_table
                0x2000014c        0x0 c:/arm-gcc/tools/tools/arm-gnu-toolchain-11.3.rel1-mingw-w64-i686-arm-none-eabi/bin/../lib/gcc/arm-none-eabi/11.3.1/thumb/v7e-m+fp/hard/crtbegin.o
 .tm_clone_table
                0x2000014c        0x0 c:/arm-gcc/tools/tools/arm-gnu-toolchain-11.3.rel1-mingw-w64-i686-arm-none-eabi/bin/../lib/gcc/arm-none-eabi/11.3.1/thumb/v7e-m+fp/hard/crtend.o

.igot.plt       0x2000014c        0x0 load address 0x08009388
 .igot.plt      0x2000014c        0x0 c:/arm-gcc/tools/tools/arm-gnu-toolchain-11.3.rel1-mingw-w64-i686-arm-none-eabi/bin/../lib/gcc/arm-none-eabi/11.3.1/thumb/v7e-m+fp/hard/crtbegin.o
                0x2000014c                . = ALIGN (0x4)

.bss            0x2000014c     0x1f30 load address 0x08009388
                0x2000014c                _sbss = .
                0x2000014c                __bss_start__ = _sbss
 *(.bss)
 *(.bss*)
 .bss.completed.1
                0x2000014c        0x1 c:/arm-gcc/tools/tools/arm-gnu-toolchain-11.3.rel1-mingw-w64-i686-arm-none-eabi/bin/../lib/gcc/arm-none-eabi/11.3.1/thumb/v7e-m+fp/hard/crtbegin.o
 *fill*         0x2000014d        0x3 
 .bss.object.0  0x20000150       0x18 c:/arm-gcc/tools/tools/arm-gnu-toolchain-11.3.rel1-mingw-w64-i686-arm-none-eabi/bin/../lib/gcc/arm-none-eabi/11.3.1/thumb/v7e-m+fp/hard/crtbegin.o
 .bss.hadc1     0x20000168       0x48 build/main.o
                0x20000168                hadc1
 .bss.htim3     0x200001b0       0x48 build/main.o
                0x200001b0                htim3
 .bss.htim4     0x200001f8       0x48 build/main.o
                0x200001f8                htim4
 .bss.read      0x20000240        0x4 build/main.o
                0x20000240                read
 .bss.gCont     0x20000244        0x2 build/main.o
                0x20000244                gCont
 .bss.gLeds     0x20000246        0x2 build/main.o
                0x20000246                gLeds
 .bss.buffer    0x20000248       0xff build/main.o
                0x20000248                buffer
 *fill*         0x20000347        0x1 
 .bss.uwTick    0x20000348        0x4 build/stm32f4xx_hal.o
                0x20000348                uwTick
 .bss.hUsbDeviceFS
                0x2000034c      0x2dc build/usb_device.o
                0x2000034c                hUsbDeviceFS
 .bss.USBD_StrDesc
                0x20000628      0x200 build/usbd_desc.o
                0x20000628                USBD_StrDesc
 .bss.UserRxBufferFS
                0x20000828      0x800 build/usbd_cdc_if.o
                0x20000828                UserRxBufferFS
 .bss.UserTxBufferFS
                0x20001028      0x800 build/usbd_cdc_if.o
                0x20001028                UserTxBufferFS
 .bss.hpcd_USB_OTG_FS
                0x20001828      0x4e4 build/usbd_conf.o
                0x20001828                hpcd_USB_OTG_FS
 .bss.mem.0     0x20001d0c      0x220 build/usbd_conf.o
 .bss.cfgidx.0  0x20001f2c        0x1 build/usbd_ctlreq.o
 *fill*         0x20001f2d        0x3 
 .bss.__sbrk_heap_end
                0x20001f30        0x4 build/sysmem.o
 .bss.__sf      0x20001f34      0x138 c:/arm-gcc/tools/tools/arm-gnu-toolchain-11.3.rel1-mingw-w64-i686-arm-none-eabi/bin/../lib/gcc/arm-none-eabi/11.3.1/thumb/v7e-m+fp/hard\libc_nano.a(libc_a-findfp.o)
                0x20001f34                __sf
 .bss.errno     0x2000206c        0x4 c:/arm-gcc/tools/tools/arm-gnu-toolchain-11.3.rel1-mingw-w64-i686-arm-none-eabi/bin/../lib/gcc/arm-none-eabi/11.3.1/thumb/v7e-m+fp/hard\libc_nano.a(libc_a-reent.o)
                0x2000206c                errno
 .bss.__lock___malloc_recursive_mutex
                0x20002070        0x1 c:/arm-gcc/tools/tools/arm-gnu-toolchain-11.3.rel1-mingw-w64-i686-arm-none-eabi/bin/../lib/gcc/arm-none-eabi/11.3.1/thumb/v7e-m+fp/hard\libc_nano.a(libc_a-lock.o)
                0x20002070                __lock___malloc_recursive_mutex
 *fill*         0x20002071        0x3 
 .bss.__malloc_free_list
                0x20002074        0x4 c:/arm-gcc/tools/tools/arm-gnu-toolchain-11.3.rel1-mingw-w64-i686-arm-none-eabi/bin/../lib/gcc/arm-none-eabi/11.3.1/thumb/v7e-m+fp/hard\libc_nano.a(libc_a-mallocr.o)
                0x20002074                __malloc_free_list
 .bss.__malloc_sbrk_start
                0x20002078        0x4 c:/arm-gcc/tools/tools/arm-gnu-toolchain-11.3.rel1-mingw-w64-i686-arm-none-eabi/bin/../lib/gcc/arm-none-eabi/11.3.1/thumb/v7e-m+fp/hard\libc_nano.a(libc_a-mallocr.o)
                0x20002078                __malloc_sbrk_start
 *(COMMON)
                0x2000207c                . = ALIGN (0x4)
                0x2000207c                _ebss = .
                0x2000207c                __bss_end__ = _ebss

._user_heap_stack
                0x2000207c      0x604 load address 0x08009388
                0x20002080                . = ALIGN (0x8)
 *fill*         0x2000207c        0x4 
                [!provide]                PROVIDE (end = .)
                0x20002080                PROVIDE (_end = .)
                0x20002280                . = (. + _Min_Heap_Size)
 *fill*         0x20002080      0x200 
                0x20002680                . = (. + _Min_Stack_Size)
 *fill*         0x20002280      0x400 
                0x20002680                . = ALIGN (0x8)

/DISCARD/
 libc.a(*)
 libm.a(*)
 libgcc.a(*)

.ARM.attributes
                0x00000000       0x30
 *(.ARM.attributes)
 .ARM.attributes
                0x00000000       0x1e c:/arm-gcc/tools/tools/arm-gnu-toolchain-11.3.rel1-mingw-w64-i686-arm-none-eabi/bin/../lib/gcc/arm-none-eabi/11.3.1/thumb/v7e-m+fp/hard/crti.o
 .ARM.attributes
                0x0000001e       0x34 c:/arm-gcc/tools/tools/arm-gnu-toolchain-11.3.rel1-mingw-w64-i686-arm-none-eabi/bin/../lib/gcc/arm-none-eabi/11.3.1/thumb/v7e-m+fp/hard/crtbegin.o
 .ARM.attributes
                0x00000052       0x34 build/main.o
 .ARM.attributes
                0x00000086       0x34 build/stm32f4xx_it.o
 .ARM.attributes
                0x000000ba       0x34 build/stm32f4xx_hal_msp.o
 .ARM.attributes
                0x000000ee       0x34 build/stm32f4xx_hal_tim.o
 .ARM.attributes
                0x00000122       0x34 build/stm32f4xx_hal_tim_ex.o
 .ARM.attributes
                0x00000156       0x34 build/stm32f4xx_hal_rcc.o
 .ARM.attributes
                0x0000018a       0x34 build/stm32f4xx_hal_gpio.o
 .ARM.attributes
                0x000001be       0x34 build/stm32f4xx_hal_cortex.o
 .ARM.attributes
                0x000001f2       0x34 build/stm32f4xx_hal.o
 .ARM.attributes
                0x00000226       0x34 build/system_stm32f4xx.o
 .ARM.attributes
                0x0000025a       0x34 build/stm32f4xx_hal_adc.o
 .ARM.attributes
                0x0000028e       0x34 build/usb_device.o
 .ARM.attributes
                0x000002c2       0x34 build/usbd_desc.o
 .ARM.attributes
                0x000002f6       0x34 build/usbd_cdc_if.o
 .ARM.attributes
                0x0000032a       0x34 build/usbd_conf.o
 .ARM.attributes
                0x0000035e       0x34 build/stm32f4xx_hal_pcd.o
 .ARM.attributes
                0x00000392       0x34 build/stm32f4xx_hal_pcd_ex.o
 .ARM.attributes
                0x000003c6       0x34 build/stm32f4xx_ll_usb.o
 .ARM.attributes
                0x000003fa       0x34 build/usbd_core.o
 .ARM.attributes
                0x0000042e       0x34 build/usbd_ctlreq.o
 .ARM.attributes
                0x00000462       0x34 build/usbd_ioreq.o
 .ARM.attributes
                0x00000496       0x34 build/usbd_cdc.o
 .ARM.attributes
                0x000004ca       0x34 build/sysmem.o
 .ARM.attributes
                0x000004fe       0x21 build/startup_stm32f411xe.o
 .ARM.attributes
                0x0000051f       0x34 c:/arm-gcc/tools/tools/arm-gnu-toolchain-11.3.rel1-mingw-w64-i686-arm-none-eabi/bin/../lib/gcc/arm-none-eabi/11.3.1/thumb/v7e-m+fp/hard\libc_nano.a(libc_a-findfp.o)
 .ARM.attributes
                0x00000553       0x34 c:/arm-gcc/tools/tools/arm-gnu-toolchain-11.3.rel1-mingw-w64-i686-arm-none-eabi/bin/../lib/gcc/arm-none-eabi/11.3.1/thumb/v7e-m+fp/hard\libc_nano.a(libc_a-sprintf.o)
 .ARM.attributes
                0x00000587       0x34 c:/arm-gcc/tools/tools/arm-gnu-toolchain-11.3.rel1-mingw-w64-i686-arm-none-eabi/bin/../lib/gcc/arm-none-eabi/11.3.1/thumb/v7e-m+fp/hard\libc_nano.a(libc_a-memset.o)
 .ARM.attributes
                0x000005bb       0x34 c:/arm-gcc/tools/tools/arm-gnu-toolchain-11.3.rel1-mingw-w64-i686-arm-none-eabi/bin/../lib/gcc/arm-none-eabi/11.3.1/thumb/v7e-m+fp/hard\libc_nano.a(libc_a-reent.o)
 .ARM.attributes
                0x000005ef       0x34 c:/arm-gcc/tools/tools/arm-gnu-toolchain-11.3.rel1-mingw-w64-i686-arm-none-eabi/bin/../lib/gcc/arm-none-eabi/11.3.1/thumb/v7e-m+fp/hard\libc_nano.a(libc_a-impure.o)
 .ARM.attributes
                0x00000623       0x34 c:/arm-gcc/tools/tools/arm-gnu-toolchain-11.3.rel1-mingw-w64-i686-arm-none-eabi/bin/../lib/gcc/arm-none-eabi/11.3.1/thumb/v7e-m+fp/hard\libc_nano.a(libc_a-errno.o)
 .ARM.attributes
                0x00000657       0x34 c:/arm-gcc/tools/tools/arm-gnu-toolchain-11.3.rel1-mingw-w64-i686-arm-none-eabi/bin/../lib/gcc/arm-none-eabi/11.3.1/thumb/v7e-m+fp/hard\libc_nano.a(libc_a-init.o)
 .ARM.attributes
                0x0000068b       0x34 c:/arm-gcc/tools/tools/arm-gnu-toolchain-11.3.rel1-mingw-w64-i686-arm-none-eabi/bin/../lib/gcc/arm-none-eabi/11.3.1/thumb/v7e-m+fp/hard\libc_nano.a(libc_a-lock.o)
 .ARM.attributes
                0x000006bf       0x17 c:/arm-gcc/tools/tools/arm-gnu-toolchain-11.3.rel1-mingw-w64-i686-arm-none-eabi/bin/../lib/gcc/arm-none-eabi/11.3.1/thumb/v7e-m+fp/hard\libc_nano.a(libc_a-strlen.o)
 .ARM.attributes
                0x000006d6       0x34 c:/arm-gcc/tools/tools/arm-gnu-toolchain-11.3.rel1-mingw-w64-i686-arm-none-eabi/bin/../lib/gcc/arm-none-eabi/11.3.1/thumb/v7e-m+fp/hard\libc_nano.a(libc_a-freer.o)
 .ARM.attributes
                0x0000070a       0x34 c:/arm-gcc/tools/tools/arm-gnu-toolchain-11.3.rel1-mingw-w64-i686-arm-none-eabi/bin/../lib/gcc/arm-none-eabi/11.3.1/thumb/v7e-m+fp/hard\libc_nano.a(libc_a-mallocr.o)
 .ARM.attributes
                0x0000073e       0x34 c:/arm-gcc/tools/tools/arm-gnu-toolchain-11.3.rel1-mingw-w64-i686-arm-none-eabi/bin/../lib/gcc/arm-none-eabi/11.3.1/thumb/v7e-m+fp/hard\libc_nano.a(libc_a-mlock.o)
 .ARM.attributes
                0x00000772       0x34 c:/arm-gcc/tools/tools/arm-gnu-toolchain-11.3.rel1-mingw-w64-i686-arm-none-eabi/bin/../lib/gcc/arm-none-eabi/11.3.1/thumb/v7e-m+fp/hard\libc_nano.a(libc_a-nano-svfprintf.o)
 .ARM.attributes
                0x000007a6       0x34 c:/arm-gcc/tools/tools/arm-gnu-toolchain-11.3.rel1-mingw-w64-i686-arm-none-eabi/bin/../lib/gcc/arm-none-eabi/11.3.1/thumb/v7e-m+fp/hard\libc_nano.a(libc_a-nano-vfprintf_i.o)
 .ARM.attributes
                0x000007da       0x34 c:/arm-gcc/tools/tools/arm-gnu-toolchain-11.3.rel1-mingw-w64-i686-arm-none-eabi/bin/../lib/gcc/arm-none-eabi/11.3.1/thumb/v7e-m+fp/hard\libc_nano.a(libc_a-memmove.o)
 .ARM.attributes
                0x0000080e       0x34 c:/arm-gcc/tools/tools/arm-gnu-toolchain-11.3.rel1-mingw-w64-i686-arm-none-eabi/bin/../lib/gcc/arm-none-eabi/11.3.1/thumb/v7e-m+fp/hard\libc_nano.a(libc_a-sbrkr.o)
 .ARM.attributes
                0x00000842       0x1c c:/arm-gcc/tools/tools/arm-gnu-toolchain-11.3.rel1-mingw-w64-i686-arm-none-eabi/bin/../lib/gcc/arm-none-eabi/11.3.1/thumb/v7e-m+fp/hard\libc_nano.a(libc_a-memchr.o)
 .ARM.attributes
                0x0000085e       0x34 c:/arm-gcc/tools/tools/arm-gnu-toolchain-11.3.rel1-mingw-w64-i686-arm-none-eabi/bin/../lib/gcc/arm-none-eabi/11.3.1/thumb/v7e-m+fp/hard\libc_nano.a(libc_a-memcpy-stub.o)
 .ARM.attributes
                0x00000892       0x34 c:/arm-gcc/tools/tools/arm-gnu-toolchain-11.3.rel1-mingw-w64-i686-arm-none-eabi/bin/../lib/gcc/arm-none-eabi/11.3.1/thumb/v7e-m+fp/hard\libc_nano.a(libc_a-reallocr.o)
 .ARM.attributes
                0x000008c6       0x34 c:/arm-gcc/tools/tools/arm-gnu-toolchain-11.3.rel1-mingw-w64-i686-arm-none-eabi/bin/../lib/gcc/arm-none-eabi/11.3.1/thumb/v7e-m+fp/hard\libc_nano.a(libc_a-msizer.o)
 .ARM.attributes
                0x000008fa       0x1e c:/arm-gcc/tools/tools/arm-gnu-toolchain-11.3.rel1-mingw-w64-i686-arm-none-eabi/bin/../lib/gcc/arm-none-eabi/11.3.1/thumb/v7e-m+fp/hard\libgcc.a(_aeabi_uldivmod.o)
 .ARM.attributes
                0x00000918       0x34 c:/arm-gcc/tools/tools/arm-gnu-toolchain-11.3.rel1-mingw-w64-i686-arm-none-eabi/bin/../lib/gcc/arm-none-eabi/11.3.1/thumb/v7e-m+fp/hard\libgcc.a(_udivmoddi4.o)
 .ARM.attributes
                0x0000094c       0x1e c:/arm-gcc/tools/tools/arm-gnu-toolchain-11.3.rel1-mingw-w64-i686-arm-none-eabi/bin/../lib/gcc/arm-none-eabi/11.3.1/thumb/v7e-m+fp/hard\libgcc.a(_dvmd_tls.o)
 .ARM.attributes
                0x0000096a       0x34 c:/arm-gcc/tools/tools/arm-gnu-toolchain-11.3.rel1-mingw-w64-i686-arm-none-eabi/bin/../lib/gcc/arm-none-eabi/11.3.1/thumb/v7e-m+fp/hard/crtend.o
 .ARM.attributes
                0x0000099e       0x1e c:/arm-gcc/tools/tools/arm-gnu-toolchain-11.3.rel1-mingw-w64-i686-arm-none-eabi/bin/../lib/gcc/arm-none-eabi/11.3.1/thumb/v7e-m+fp/hard/crtn.o
OUTPUT(build/helloblackpillSTM32F411CEUx.elf elf32-littlearm)
LOAD linker stubs
LOAD c:/arm-gcc/tools/tools/arm-gnu-toolchain-11.3.rel1-mingw-w64-i686-arm-none-eabi/bin/../lib/gcc/arm-none-eabi/11.3.1/thumb/v7e-m+fp/hard\libc.a
LOAD c:/arm-gcc/tools/tools/arm-gnu-toolchain-11.3.rel1-mingw-w64-i686-arm-none-eabi/bin/../lib/gcc/arm-none-eabi/11.3.1/thumb/v7e-m+fp/hard\libm.a
LOAD c:/arm-gcc/tools/tools/arm-gnu-toolchain-11.3.rel1-mingw-w64-i686-arm-none-eabi/bin/../lib/gcc/arm-none-eabi/11.3.1/thumb/v7e-m+fp/hard\libgcc.a

.comment        0x00000000       0x33
 .comment       0x00000000       0x33 c:/arm-gcc/tools/tools/arm-gnu-toolchain-11.3.rel1-mingw-w64-i686-arm-none-eabi/bin/../lib/gcc/arm-none-eabi/11.3.1/thumb/v7e-m+fp/hard/crtbegin.o
                                 0x34 (size before relaxing)
 .comment       0x00000033       0x34 build/main.o
 .comment       0x00000033       0x34 build/stm32f4xx_it.o
 .comment       0x00000033       0x34 build/stm32f4xx_hal_msp.o
 .comment       0x00000033       0x34 build/stm32f4xx_hal_tim.o
 .comment       0x00000033       0x34 build/stm32f4xx_hal_tim_ex.o
 .comment       0x00000033       0x34 build/stm32f4xx_hal_rcc.o
 .comment       0x00000033       0x34 build/stm32f4xx_hal_gpio.o
 .comment       0x00000033       0x34 build/stm32f4xx_hal_cortex.o
 .comment       0x00000033       0x34 build/stm32f4xx_hal.o
 .comment       0x00000033       0x34 build/system_stm32f4xx.o
 .comment       0x00000033       0x34 build/stm32f4xx_hal_adc.o
 .comment       0x00000033       0x34 build/usb_device.o
 .comment       0x00000033       0x34 build/usbd_desc.o
 .comment       0x00000033       0x34 build/usbd_cdc_if.o
 .comment       0x00000033       0x34 build/usbd_conf.o
 .comment       0x00000033       0x34 build/stm32f4xx_hal_pcd.o
 .comment       0x00000033       0x34 build/stm32f4xx_hal_pcd_ex.o
 .comment       0x00000033       0x34 build/stm32f4xx_ll_usb.o
 .comment       0x00000033       0x34 build/usbd_core.o
 .comment       0x00000033       0x34 build/usbd_ctlreq.o
 .comment       0x00000033       0x34 build/usbd_ioreq.o
 .comment       0x00000033       0x34 build/usbd_cdc.o
 .comment       0x00000033       0x34 build/sysmem.o
 .comment       0x00000033       0x34 c:/arm-gcc/tools/tools/arm-gnu-toolchain-11.3.rel1-mingw-w64-i686-arm-none-eabi/bin/../lib/gcc/arm-none-eabi/11.3.1/thumb/v7e-m+fp/hard\libc_nano.a(libc_a-findfp.o)
 .comment       0x00000033       0x34 c:/arm-gcc/tools/tools/arm-gnu-toolchain-11.3.rel1-mingw-w64-i686-arm-none-eabi/bin/../lib/gcc/arm-none-eabi/11.3.1/thumb/v7e-m+fp/hard\libc_nano.a(libc_a-sprintf.o)
 .comment       0x00000033       0x34 c:/arm-gcc/tools/tools/arm-gnu-toolchain-11.3.rel1-mingw-w64-i686-arm-none-eabi/bin/../lib/gcc/arm-none-eabi/11.3.1/thumb/v7e-m+fp/hard\libc_nano.a(libc_a-memset.o)
 .comment       0x00000033       0x34 c:/arm-gcc/tools/tools/arm-gnu-toolchain-11.3.rel1-mingw-w64-i686-arm-none-eabi/bin/../lib/gcc/arm-none-eabi/11.3.1/thumb/v7e-m+fp/hard\libc_nano.a(libc_a-reent.o)
 .comment       0x00000033       0x34 c:/arm-gcc/tools/tools/arm-gnu-toolchain-11.3.rel1-mingw-w64-i686-arm-none-eabi/bin/../lib/gcc/arm-none-eabi/11.3.1/thumb/v7e-m+fp/hard\libc_nano.a(libc_a-impure.o)
 .comment       0x00000033       0x34 c:/arm-gcc/tools/tools/arm-gnu-toolchain-11.3.rel1-mingw-w64-i686-arm-none-eabi/bin/../lib/gcc/arm-none-eabi/11.3.1/thumb/v7e-m+fp/hard\libc_nano.a(libc_a-errno.o)
 .comment       0x00000033       0x34 c:/arm-gcc/tools/tools/arm-gnu-toolchain-11.3.rel1-mingw-w64-i686-arm-none-eabi/bin/../lib/gcc/arm-none-eabi/11.3.1/thumb/v7e-m+fp/hard\libc_nano.a(libc_a-init.o)
 .comment       0x00000033       0x34 c:/arm-gcc/tools/tools/arm-gnu-toolchain-11.3.rel1-mingw-w64-i686-arm-none-eabi/bin/../lib/gcc/arm-none-eabi/11.3.1/thumb/v7e-m+fp/hard\libc_nano.a(libc_a-lock.o)
 .comment       0x00000033       0x34 c:/arm-gcc/tools/tools/arm-gnu-toolchain-11.3.rel1-mingw-w64-i686-arm-none-eabi/bin/../lib/gcc/arm-none-eabi/11.3.1/thumb/v7e-m+fp/hard\libc_nano.a(libc_a-freer.o)
 .comment       0x00000033       0x34 c:/arm-gcc/tools/tools/arm-gnu-toolchain-11.3.rel1-mingw-w64-i686-arm-none-eabi/bin/../lib/gcc/arm-none-eabi/11.3.1/thumb/v7e-m+fp/hard\libc_nano.a(libc_a-mallocr.o)
 .comment       0x00000033       0x34 c:/arm-gcc/tools/tools/arm-gnu-toolchain-11.3.rel1-mingw-w64-i686-arm-none-eabi/bin/../lib/gcc/arm-none-eabi/11.3.1/thumb/v7e-m+fp/hard\libc_nano.a(libc_a-mlock.o)
 .comment       0x00000033       0x34 c:/arm-gcc/tools/tools/arm-gnu-toolchain-11.3.rel1-mingw-w64-i686-arm-none-eabi/bin/../lib/gcc/arm-none-eabi/11.3.1/thumb/v7e-m+fp/hard\libc_nano.a(libc_a-nano-svfprintf.o)
 .comment       0x00000033       0x34 c:/arm-gcc/tools/tools/arm-gnu-toolchain-11.3.rel1-mingw-w64-i686-arm-none-eabi/bin/../lib/gcc/arm-none-eabi/11.3.1/thumb/v7e-m+fp/hard\libc_nano.a(libc_a-nano-vfprintf_i.o)
 .comment       0x00000033       0x34 c:/arm-gcc/tools/tools/arm-gnu-toolchain-11.3.rel1-mingw-w64-i686-arm-none-eabi/bin/../lib/gcc/arm-none-eabi/11.3.1/thumb/v7e-m+fp/hard\libc_nano.a(libc_a-memmove.o)
 .comment       0x00000033       0x34 c:/arm-gcc/tools/tools/arm-gnu-toolchain-11.3.rel1-mingw-w64-i686-arm-none-eabi/bin/../lib/gcc/arm-none-eabi/11.3.1/thumb/v7e-m+fp/hard\libc_nano.a(libc_a-sbrkr.o)
 .comment       0x00000033       0x34 c:/arm-gcc/tools/tools/arm-gnu-toolchain-11.3.rel1-mingw-w64-i686-arm-none-eabi/bin/../lib/gcc/arm-none-eabi/11.3.1/thumb/v7e-m+fp/hard\libc_nano.a(libc_a-memcpy-stub.o)
 .comment       0x00000033       0x34 c:/arm-gcc/tools/tools/arm-gnu-toolchain-11.3.rel1-mingw-w64-i686-arm-none-eabi/bin/../lib/gcc/arm-none-eabi/11.3.1/thumb/v7e-m+fp/hard\libc_nano.a(libc_a-reallocr.o)
 .comment       0x00000033       0x34 c:/arm-gcc/tools/tools/arm-gnu-toolchain-11.3.rel1-mingw-w64-i686-arm-none-eabi/bin/../lib/gcc/arm-none-eabi/11.3.1/thumb/v7e-m+fp/hard\libc_nano.a(libc_a-msizer.o)
 .comment       0x00000033       0x34 c:/arm-gcc/tools/tools/arm-gnu-toolchain-11.3.rel1-mingw-w64-i686-arm-none-eabi/bin/../lib/gcc/arm-none-eabi/11.3.1/thumb/v7e-m+fp/hard\libgcc.a(_udivmoddi4.o)
 .comment       0x00000033       0x34 c:/arm-gcc/tools/tools/arm-gnu-toolchain-11.3.rel1-mingw-w64-i686-arm-none-eabi/bin/../lib/gcc/arm-none-eabi/11.3.1/thumb/v7e-m+fp/hard/crtend.o

.debug_info     0x00000000    0x1f791
 .debug_info    0x00000000     0x1678 build/main.o
 .debug_info    0x00001678      0xd74 build/stm32f4xx_it.o
 .debug_info    0x000023ec     0x1168 build/stm32f4xx_hal_msp.o
 .debug_info    0x00003554     0x2f44 build/stm32f4xx_hal_tim.o
 .debug_info    0x00006498     0x17ad build/stm32f4xx_hal_tim_ex.o
 .debug_info    0x00007c45      0xa7a build/stm32f4xx_hal_rcc.o
 .debug_info    0x000086bf      0x82c build/stm32f4xx_hal_gpio.o
 .debug_info    0x00008eeb      0xef3 build/stm32f4xx_hal_cortex.o
 .debug_info    0x00009dde      0xa07 build/stm32f4xx_hal.o
 .debug_info    0x0000a7e5      0x5ce build/system_stm32f4xx.o
 .debug_info    0x0000adb3      0xe9d build/stm32f4xx_hal_adc.o
 .debug_info    0x0000bc50      0x80e build/usb_device.o
 .debug_info    0x0000c45e      0x4db build/usbd_desc.o
 .debug_info    0x0000c939      0xa35 build/usbd_cdc_if.o
 .debug_info    0x0000d36e     0x1f5e build/usbd_conf.o
 .debug_info    0x0000f2cc     0x18a7 build/stm32f4xx_hal_pcd.o
 .debug_info    0x00010b73      0x7bb build/stm32f4xx_hal_pcd_ex.o
 .debug_info    0x0001132e     0x1d29 build/stm32f4xx_ll_usb.o
 .debug_info    0x00013057     0x1029 build/usbd_core.o
 .debug_info    0x00014080      0xc5a build/usbd_ctlreq.o
 .debug_info    0x00014cda      0x881 build/usbd_ioreq.o
 .debug_info    0x0001555b     0x14ab build/usbd_cdc.o
 .debug_info    0x00016a06      0x17f build/sysmem.o
 .debug_info    0x00016b85       0x22 build/startup_stm32f411xe.o
 .debug_info    0x00016ba7      0xf8f c:/arm-gcc/tools/tools/arm-gnu-toolchain-11.3.rel1-mingw-w64-i686-arm-none-eabi/bin/../lib/gcc/arm-none-eabi/11.3.1/thumb/v7e-m+fp/hard\libc_nano.a(libc_a-findfp.o)
 .debug_info    0x00017b36      0x87e c:/arm-gcc/tools/tools/arm-gnu-toolchain-11.3.rel1-mingw-w64-i686-arm-none-eabi/bin/../lib/gcc/arm-none-eabi/11.3.1/thumb/v7e-m+fp/hard\libc_nano.a(libc_a-sprintf.o)
 .debug_info    0x000183b4       0xe0 c:/arm-gcc/tools/tools/arm-gnu-toolchain-11.3.rel1-mingw-w64-i686-arm-none-eabi/bin/../lib/gcc/arm-none-eabi/11.3.1/thumb/v7e-m+fp/hard\libc_nano.a(libc_a-memset.o)
 .debug_info    0x00018494      0x858 c:/arm-gcc/tools/tools/arm-gnu-toolchain-11.3.rel1-mingw-w64-i686-arm-none-eabi/bin/../lib/gcc/arm-none-eabi/11.3.1/thumb/v7e-m+fp/hard\libc_nano.a(libc_a-reent.o)
 .debug_info    0x00018cec      0x714 c:/arm-gcc/tools/tools/arm-gnu-toolchain-11.3.rel1-mingw-w64-i686-arm-none-eabi/bin/../lib/gcc/arm-none-eabi/11.3.1/thumb/v7e-m+fp/hard\libc_nano.a(libc_a-impure.o)
 .debug_info    0x00019400      0x6fa c:/arm-gcc/tools/tools/arm-gnu-toolchain-11.3.rel1-mingw-w64-i686-arm-none-eabi/bin/../lib/gcc/arm-none-eabi/11.3.1/thumb/v7e-m+fp/hard\libc_nano.a(libc_a-errno.o)
 .debug_info    0x00019afa      0x10b c:/arm-gcc/tools/tools/arm-gnu-toolchain-11.3.rel1-mingw-w64-i686-arm-none-eabi/bin/../lib/gcc/arm-none-eabi/11.3.1/thumb/v7e-m+fp/hard\libc_nano.a(libc_a-init.o)
 .debug_info    0x00019c05      0x20a c:/arm-gcc/tools/tools/arm-gnu-toolchain-11.3.rel1-mingw-w64-i686-arm-none-eabi/bin/../lib/gcc/arm-none-eabi/11.3.1/thumb/v7e-m+fp/hard\libc_nano.a(libc_a-lock.o)
 .debug_info    0x00019e0f       0x24 c:/arm-gcc/tools/tools/arm-gnu-toolchain-11.3.rel1-mingw-w64-i686-arm-none-eabi/bin/../lib/gcc/arm-none-eabi/11.3.1/thumb/v7e-m+fp/hard\libc_nano.a(libc_a-strlen.o)
 .debug_info    0x00019e33      0x845 c:/arm-gcc/tools/tools/arm-gnu-toolchain-11.3.rel1-mingw-w64-i686-arm-none-eabi/bin/../lib/gcc/arm-none-eabi/11.3.1/thumb/v7e-m+fp/hard\libc_nano.a(libc_a-freer.o)
 .debug_info    0x0001a678      0x9bb c:/arm-gcc/tools/tools/arm-gnu-toolchain-11.3.rel1-mingw-w64-i686-arm-none-eabi/bin/../lib/gcc/arm-none-eabi/11.3.1/thumb/v7e-m+fp/hard\libc_nano.a(libc_a-mallocr.o)
 .debug_info    0x0001b033      0x76a c:/arm-gcc/tools/tools/arm-gnu-toolchain-11.3.rel1-mingw-w64-i686-arm-none-eabi/bin/../lib/gcc/arm-none-eabi/11.3.1/thumb/v7e-m+fp/hard\libc_nano.a(libc_a-mlock.o)
 .debug_info    0x0001b79d     0x10c1 c:/arm-gcc/tools/tools/arm-gnu-toolchain-11.3.rel1-mingw-w64-i686-arm-none-eabi/bin/../lib/gcc/arm-none-eabi/11.3.1/thumb/v7e-m+fp/hard\libc_nano.a(libc_a-nano-svfprintf.o)
 .debug_info    0x0001c85e      0xddf c:/arm-gcc/tools/tools/arm-gnu-toolchain-11.3.rel1-mingw-w64-i686-arm-none-eabi/bin/../lib/gcc/arm-none-eabi/11.3.1/thumb/v7e-m+fp/hard\libc_nano.a(libc_a-nano-vfprintf_i.o)
 .debug_info    0x0001d63d      0x10f c:/arm-gcc/tools/tools/arm-gnu-toolchain-11.3.rel1-mingw-w64-i686-arm-none-eabi/bin/../lib/gcc/arm-none-eabi/11.3.1/thumb/v7e-m+fp/hard\libc_nano.a(libc_a-memmove.o)
 .debug_info    0x0001d74c      0x77b c:/arm-gcc/tools/tools/arm-gnu-toolchain-11.3.rel1-mingw-w64-i686-arm-none-eabi/bin/../lib/gcc/arm-none-eabi/11.3.1/thumb/v7e-m+fp/hard\libc_nano.a(libc_a-sbrkr.o)
 .debug_info    0x0001dec7       0x25 c:/arm-gcc/tools/tools/arm-gnu-toolchain-11.3.rel1-mingw-w64-i686-arm-none-eabi/bin/../lib/gcc/arm-none-eabi/11.3.1/thumb/v7e-m+fp/hard\libc_nano.a(libc_a-memchr.o)
 .debug_info    0x0001deec      0x121 c:/arm-gcc/tools/tools/arm-gnu-toolchain-11.3.rel1-mingw-w64-i686-arm-none-eabi/bin/../lib/gcc/arm-none-eabi/11.3.1/thumb/v7e-m+fp/hard\libc_nano.a(libc_a-memcpy-stub.o)
 .debug_info    0x0001e00d      0x8c6 c:/arm-gcc/tools/tools/arm-gnu-toolchain-11.3.rel1-mingw-w64-i686-arm-none-eabi/bin/../lib/gcc/arm-none-eabi/11.3.1/thumb/v7e-m+fp/hard\libc_nano.a(libc_a-reallocr.o)
 .debug_info    0x0001e8d3      0x793 c:/arm-gcc/tools/tools/arm-gnu-toolchain-11.3.rel1-mingw-w64-i686-arm-none-eabi/bin/../lib/gcc/arm-none-eabi/11.3.1/thumb/v7e-m+fp/hard\libc_nano.a(libc_a-msizer.o)
 .debug_info    0x0001f066       0x24 c:/arm-gcc/tools/tools/arm-gnu-toolchain-11.3.rel1-mingw-w64-i686-arm-none-eabi/bin/../lib/gcc/arm-none-eabi/11.3.1/thumb/v7e-m+fp/hard\libgcc.a(_aeabi_uldivmod.o)
 .debug_info    0x0001f08a      0x6e3 c:/arm-gcc/tools/tools/arm-gnu-toolchain-11.3.rel1-mingw-w64-i686-arm-none-eabi/bin/../lib/gcc/arm-none-eabi/11.3.1/thumb/v7e-m+fp/hard\libgcc.a(_udivmoddi4.o)
 .debug_info    0x0001f76d       0x24 c:/arm-gcc/tools/tools/arm-gnu-toolchain-11.3.rel1-mingw-w64-i686-arm-none-eabi/bin/../lib/gcc/arm-none-eabi/11.3.1/thumb/v7e-m+fp/hard\libgcc.a(_dvmd_tls.o)

.debug_abbrev   0x00000000     0x52d1
 .debug_abbrev  0x00000000      0x2ca build/main.o
 .debug_abbrev  0x000002ca      0x1b2 build/stm32f4xx_it.o
 .debug_abbrev  0x0000047c      0x1e0 build/stm32f4xx_hal_msp.o
 .debug_abbrev  0x0000065c      0x274 build/stm32f4xx_hal_tim.o
 .debug_abbrev  0x000008d0      0x27c build/stm32f4xx_hal_tim_ex.o
 .debug_abbrev  0x00000b4c      0x2a9 build/stm32f4xx_hal_rcc.o
 .debug_abbrev  0x00000df5      0x1c3 build/stm32f4xx_hal_gpio.o
 .debug_abbrev  0x00000fb8      0x2ea build/stm32f4xx_hal_cortex.o
 .debug_abbrev  0x000012a2      0x23d build/stm32f4xx_hal.o
 .debug_abbrev  0x000014df      0x115 build/system_stm32f4xx.o
 .debug_abbrev  0x000015f4      0x203 build/stm32f4xx_hal_adc.o
 .debug_abbrev  0x000017f7      0x178 build/usb_device.o
 .debug_abbrev  0x0000196f      0x1d9 build/usbd_desc.o
 .debug_abbrev  0x00001b48      0x26d build/usbd_cdc_if.o
 .debug_abbrev  0x00001db5      0x308 build/usbd_conf.o
 .debug_abbrev  0x000020bd      0x281 build/stm32f4xx_hal_pcd.o
 .debug_abbrev  0x0000233e      0x1ab build/stm32f4xx_hal_pcd_ex.o
 .debug_abbrev  0x000024e9      0x28b build/stm32f4xx_ll_usb.o
 .debug_abbrev  0x00002774      0x251 build/usbd_core.o
 .debug_abbrev  0x000029c5      0x24a build/usbd_ctlreq.o
 .debug_abbrev  0x00002c0f      0x178 build/usbd_ioreq.o
 .debug_abbrev  0x00002d87      0x29b build/usbd_cdc.o
 .debug_abbrev  0x00003022       0xba build/sysmem.o
 .debug_abbrev  0x000030dc       0x12 build/startup_stm32f411xe.o
 .debug_abbrev  0x000030ee      0x40c c:/arm-gcc/tools/tools/arm-gnu-toolchain-11.3.rel1-mingw-w64-i686-arm-none-eabi/bin/../lib/gcc/arm-none-eabi/11.3.1/thumb/v7e-m+fp/hard\libc_nano.a(libc_a-findfp.o)
 .debug_abbrev  0x000034fa      0x21c c:/arm-gcc/tools/tools/arm-gnu-toolchain-11.3.rel1-mingw-w64-i686-arm-none-eabi/bin/../lib/gcc/arm-none-eabi/11.3.1/thumb/v7e-m+fp/hard\libc_nano.a(libc_a-sprintf.o)
 .debug_abbrev  0x00003716       0x9e c:/arm-gcc/tools/tools/arm-gnu-toolchain-11.3.rel1-mingw-w64-i686-arm-none-eabi/bin/../lib/gcc/arm-none-eabi/11.3.1/thumb/v7e-m+fp/hard\libc_nano.a(libc_a-memset.o)
 .debug_abbrev  0x000037b4      0x1f8 c:/arm-gcc/tools/tools/arm-gnu-toolchain-11.3.rel1-mingw-w64-i686-arm-none-eabi/bin/../lib/gcc/arm-none-eabi/11.3.1/thumb/v7e-m+fp/hard\libc_nano.a(libc_a-reent.o)
 .debug_abbrev  0x000039ac      0x149 c:/arm-gcc/tools/tools/arm-gnu-toolchain-11.3.rel1-mingw-w64-i686-arm-none-eabi/bin/../lib/gcc/arm-none-eabi/11.3.1/thumb/v7e-m+fp/hard\libc_nano.a(libc_a-impure.o)
 .debug_abbrev  0x00003af5      0x15e c:/arm-gcc/tools/tools/arm-gnu-toolchain-11.3.rel1-mingw-w64-i686-arm-none-eabi/bin/../lib/gcc/arm-none-eabi/11.3.1/thumb/v7e-m+fp/hard\libc_nano.a(libc_a-errno.o)
 .debug_abbrev  0x00003c53       0xc9 c:/arm-gcc/tools/tools/arm-gnu-toolchain-11.3.rel1-mingw-w64-i686-arm-none-eabi/bin/../lib/gcc/arm-none-eabi/11.3.1/thumb/v7e-m+fp/hard\libc_nano.a(libc_a-init.o)
 .debug_abbrev  0x00003d1c      0x115 c:/arm-gcc/tools/tools/arm-gnu-toolchain-11.3.rel1-mingw-w64-i686-arm-none-eabi/bin/../lib/gcc/arm-none-eabi/11.3.1/thumb/v7e-m+fp/hard\libc_nano.a(libc_a-lock.o)
 .debug_abbrev  0x00003e31       0x14 c:/arm-gcc/tools/tools/arm-gnu-toolchain-11.3.rel1-mingw-w64-i686-arm-none-eabi/bin/../lib/gcc/arm-none-eabi/11.3.1/thumb/v7e-m+fp/hard\libc_nano.a(libc_a-strlen.o)
 .debug_abbrev  0x00003e45      0x23b c:/arm-gcc/tools/tools/arm-gnu-toolchain-11.3.rel1-mingw-w64-i686-arm-none-eabi/bin/../lib/gcc/arm-none-eabi/11.3.1/thumb/v7e-m+fp/hard\libc_nano.a(libc_a-freer.o)
 .debug_abbrev  0x00004080      0x24a c:/arm-gcc/tools/tools/arm-gnu-toolchain-11.3.rel1-mingw-w64-i686-arm-none-eabi/bin/../lib/gcc/arm-none-eabi/11.3.1/thumb/v7e-m+fp/hard\libc_nano.a(libc_a-mallocr.o)
 .debug_abbrev  0x000042ca      0x1bf c:/arm-gcc/tools/tools/arm-gnu-toolchain-11.3.rel1-mingw-w64-i686-arm-none-eabi/bin/../lib/gcc/arm-none-eabi/11.3.1/thumb/v7e-m+fp/hard\libc_nano.a(libc_a-mlock.o)
 .debug_abbrev  0x00004489      0x31f c:/arm-gcc/tools/tools/arm-gnu-toolchain-11.3.rel1-mingw-w64-i686-arm-none-eabi/bin/../lib/gcc/arm-none-eabi/11.3.1/thumb/v7e-m+fp/hard\libc_nano.a(libc_a-nano-svfprintf.o)
 .debug_abbrev  0x000047a8      0x28f c:/arm-gcc/tools/tools/arm-gnu-toolchain-11.3.rel1-mingw-w64-i686-arm-none-eabi/bin/../lib/gcc/arm-none-eabi/11.3.1/thumb/v7e-m+fp/hard\libc_nano.a(libc_a-nano-vfprintf_i.o)
 .debug_abbrev  0x00004a37       0xac c:/arm-gcc/tools/tools/arm-gnu-toolchain-11.3.rel1-mingw-w64-i686-arm-none-eabi/bin/../lib/gcc/arm-none-eabi/11.3.1/thumb/v7e-m+fp/hard\libc_nano.a(libc_a-memmove.o)
 .debug_abbrev  0x00004ae3      0x1da c:/arm-gcc/tools/tools/arm-gnu-toolchain-11.3.rel1-mingw-w64-i686-arm-none-eabi/bin/../lib/gcc/arm-none-eabi/11.3.1/thumb/v7e-m+fp/hard\libc_nano.a(libc_a-sbrkr.o)
 .debug_abbrev  0x00004cbd       0x14 c:/arm-gcc/tools/tools/arm-gnu-toolchain-11.3.rel1-mingw-w64-i686-arm-none-eabi/bin/../lib/gcc/arm-none-eabi/11.3.1/thumb/v7e-m+fp/hard\libc_nano.a(libc_a-memchr.o)
 .debug_abbrev  0x00004cd1       0xc1 c:/arm-gcc/tools/tools/arm-gnu-toolchain-11.3.rel1-mingw-w64-i686-arm-none-eabi/bin/../lib/gcc/arm-none-eabi/11.3.1/thumb/v7e-m+fp/hard\libc_nano.a(libc_a-memcpy-stub.o)
 .debug_abbrev  0x00004d92      0x217 c:/arm-gcc/tools/tools/arm-gnu-toolchain-11.3.rel1-mingw-w64-i686-arm-none-eabi/bin/../lib/gcc/arm-none-eabi/11.3.1/thumb/v7e-m+fp/hard\libc_nano.a(libc_a-reallocr.o)
 .debug_abbrev  0x00004fa9      0x196 c:/arm-gcc/tools/tools/arm-gnu-toolchain-11.3.rel1-mingw-w64-i686-arm-none-eabi/bin/../lib/gcc/arm-none-eabi/11.3.1/thumb/v7e-m+fp/hard\libc_nano.a(libc_a-msizer.o)
 .debug_abbrev  0x0000513f       0x14 c:/arm-gcc/tools/tools/arm-gnu-toolchain-11.3.rel1-mingw-w64-i686-arm-none-eabi/bin/../lib/gcc/arm-none-eabi/11.3.1/thumb/v7e-m+fp/hard\libgcc.a(_aeabi_uldivmod.o)
 .debug_abbrev  0x00005153      0x16a c:/arm-gcc/tools/tools/arm-gnu-toolchain-11.3.rel1-mingw-w64-i686-arm-none-eabi/bin/../lib/gcc/arm-none-eabi/11.3.1/thumb/v7e-m+fp/hard\libgcc.a(_udivmoddi4.o)
 .debug_abbrev  0x000052bd       0x14 c:/arm-gcc/tools/tools/arm-gnu-toolchain-11.3.rel1-mingw-w64-i686-arm-none-eabi/bin/../lib/gcc/arm-none-eabi/11.3.1/thumb/v7e-m+fp/hard\libgcc.a(_dvmd_tls.o)

.debug_loc      0x00000000     0xa132
 .debug_loc     0x00000000      0x246 build/main.o
 .debug_loc     0x00000246      0x22c build/stm32f4xx_it.o
 .debug_loc     0x00000472      0x2a4 build/stm32f4xx_hal_msp.o
 .debug_loc     0x00000716     0x27a0 build/stm32f4xx_hal_tim.o
 .debug_loc     0x00002eb6      0xdc8 build/stm32f4xx_hal_tim_ex.o
 .debug_loc     0x00003c7e      0x3d2 build/stm32f4xx_hal_rcc.o
 .debug_loc     0x00004050      0x2d4 build/stm32f4xx_hal_gpio.o
 .debug_loc     0x00004324      0xaf0 build/stm32f4xx_hal_cortex.o
 .debug_loc     0x00004e14      0x720 build/stm32f4xx_hal.o
 .debug_loc     0x00005534       0xa0 build/system_stm32f4xx.o
 .debug_loc     0x000055d4      0x8e0 build/stm32f4xx_hal_adc.o
 .debug_loc     0x00005eb4       0x2c build/usb_device.o
 .debug_loc     0x00005ee0      0x2f4 build/usbd_desc.o
 .debug_loc     0x000061d4      0x1c8 build/usbd_cdc_if.o
 .debug_loc     0x0000639c      0x9e0 build/usbd_conf.o
 .debug_loc     0x00006d7c      0xcae build/stm32f4xx_hal_pcd.o
 .debug_loc     0x00007a2a      0x170 build/stm32f4xx_hal_pcd_ex.o
 .debug_loc     0x00007b9a     0x1190 build/stm32f4xx_ll_usb.o
 .debug_loc     0x00008d2a      0x7e0 build/usbd_core.o
 .debug_loc     0x0000950a      0x4c8 build/usbd_ctlreq.o
 .debug_loc     0x000099d2      0x230 build/usbd_ioreq.o
 .debug_loc     0x00009c02      0x4e0 build/usbd_cdc.o
 .debug_loc     0x0000a0e2       0x50 build/sysmem.o

.debug_aranges  0x00000000     0x1558
 .debug_aranges
                0x00000000       0x58 build/main.o
 .debug_aranges
                0x00000058       0x70 build/stm32f4xx_it.o
 .debug_aranges
                0x000000c8       0x58 build/stm32f4xx_hal_msp.o
 .debug_aranges
                0x00000120      0x3d0 build/stm32f4xx_hal_tim.o
 .debug_aranges
                0x000004f0      0x168 build/stm32f4xx_hal_tim_ex.o
 .debug_aranges
                0x00000658       0x88 build/stm32f4xx_hal_rcc.o
 .debug_aranges
                0x000006e0       0x58 build/stm32f4xx_hal_gpio.o
 .debug_aranges
                0x00000738      0x130 build/stm32f4xx_hal_cortex.o
 .debug_aranges
                0x00000868       0xf0 build/stm32f4xx_hal.o
 .debug_aranges
                0x00000958       0x28 build/system_stm32f4xx.o
 .debug_aranges
                0x00000980       0xe8 build/stm32f4xx_hal_adc.o
 .debug_aranges
                0x00000a68       0x20 build/usb_device.o
 .debug_aranges
                0x00000a88       0x60 build/usbd_desc.o
 .debug_aranges
                0x00000ae8       0x48 build/usbd_cdc_if.o
 .debug_aranges
                0x00000b30      0x110 build/usbd_conf.o
 .debug_aranges
                0x00000c40      0x148 build/stm32f4xx_hal_pcd.o
 .debug_aranges
                0x00000d88       0x38 build/stm32f4xx_hal_pcd_ex.o
 .debug_aranges
                0x00000dc0      0x1a0 build/stm32f4xx_ll_usb.o
 .debug_aranges
                0x00000f60       0xd8 build/usbd_core.o
 .debug_aranges
                0x00001038       0x90 build/usbd_ctlreq.o
 .debug_aranges
                0x000010c8       0x50 build/usbd_ioreq.o
 .debug_aranges
                0x00001118       0x90 build/usbd_cdc.o
 .debug_aranges
                0x000011a8       0x20 build/sysmem.o
 .debug_aranges
                0x000011c8       0x28 build/startup_stm32f411xe.o
 .debug_aranges
                0x000011f0       0x78 c:/arm-gcc/tools/tools/arm-gnu-toolchain-11.3.rel1-mingw-w64-i686-arm-none-eabi/bin/../lib/gcc/arm-none-eabi/11.3.1/thumb/v7e-m+fp/hard\libc_nano.a(libc_a-findfp.o)
 .debug_aranges
                0x00001268       0x28 c:/arm-gcc/tools/tools/arm-gnu-toolchain-11.3.rel1-mingw-w64-i686-arm-none-eabi/bin/../lib/gcc/arm-none-eabi/11.3.1/thumb/v7e-m+fp/hard\libc_nano.a(libc_a-sprintf.o)
 .debug_aranges
                0x00001290       0x20 c:/arm-gcc/tools/tools/arm-gnu-toolchain-11.3.rel1-mingw-w64-i686-arm-none-eabi/bin/../lib/gcc/arm-none-eabi/11.3.1/thumb/v7e-m+fp/hard\libc_nano.a(libc_a-memset.o)
 .debug_aranges
                0x000012b0       0x20 c:/arm-gcc/tools/tools/arm-gnu-toolchain-11.3.rel1-mingw-w64-i686-arm-none-eabi/bin/../lib/gcc/arm-none-eabi/11.3.1/thumb/v7e-m+fp/hard\libc_nano.a(libc_a-reent.o)
 .debug_aranges
                0x000012d0       0x18 c:/arm-gcc/tools/tools/arm-gnu-toolchain-11.3.rel1-mingw-w64-i686-arm-none-eabi/bin/../lib/gcc/arm-none-eabi/11.3.1/thumb/v7e-m+fp/hard\libc_nano.a(libc_a-impure.o)
 .debug_aranges
                0x000012e8       0x20 c:/arm-gcc/tools/tools/arm-gnu-toolchain-11.3.rel1-mingw-w64-i686-arm-none-eabi/bin/../lib/gcc/arm-none-eabi/11.3.1/thumb/v7e-m+fp/hard\libc_nano.a(libc_a-errno.o)
 .debug_aranges
                0x00001308       0x20 c:/arm-gcc/tools/tools/arm-gnu-toolchain-11.3.rel1-mingw-w64-i686-arm-none-eabi/bin/../lib/gcc/arm-none-eabi/11.3.1/thumb/v7e-m+fp/hard\libc_nano.a(libc_a-init.o)
 .debug_aranges
                0x00001328       0x28 c:/arm-gcc/tools/tools/arm-gnu-toolchain-11.3.rel1-mingw-w64-i686-arm-none-eabi/bin/../lib/gcc/arm-none-eabi/11.3.1/thumb/v7e-m+fp/hard\libc_nano.a(libc_a-lock.o)
 .debug_aranges
                0x00001350       0x20 c:/arm-gcc/tools/tools/arm-gnu-toolchain-11.3.rel1-mingw-w64-i686-arm-none-eabi/bin/../lib/gcc/arm-none-eabi/11.3.1/thumb/v7e-m+fp/hard\libc_nano.a(libc_a-strlen.o)
 .debug_aranges
                0x00001370       0x20 c:/arm-gcc/tools/tools/arm-gnu-toolchain-11.3.rel1-mingw-w64-i686-arm-none-eabi/bin/../lib/gcc/arm-none-eabi/11.3.1/thumb/v7e-m+fp/hard\libc_nano.a(libc_a-freer.o)
 .debug_aranges
                0x00001390       0x28 c:/arm-gcc/tools/tools/arm-gnu-toolchain-11.3.rel1-mingw-w64-i686-arm-none-eabi/bin/../lib/gcc/arm-none-eabi/11.3.1/thumb/v7e-m+fp/hard\libc_nano.a(libc_a-mallocr.o)
 .debug_aranges
                0x000013b8       0x28 c:/arm-gcc/tools/tools/arm-gnu-toolchain-11.3.rel1-mingw-w64-i686-arm-none-eabi/bin/../lib/gcc/arm-none-eabi/11.3.1/thumb/v7e-m+fp/hard\libc_nano.a(libc_a-mlock.o)
 .debug_aranges
                0x000013e0       0x30 c:/arm-gcc/tools/tools/arm-gnu-toolchain-11.3.rel1-mingw-w64-i686-arm-none-eabi/bin/../lib/gcc/arm-none-eabi/11.3.1/thumb/v7e-m+fp/hard\libc_nano.a(libc_a-nano-svfprintf.o)
 .debug_aranges
                0x00001410       0x28 c:/arm-gcc/tools/tools/arm-gnu-toolchain-11.3.rel1-mingw-w64-i686-arm-none-eabi/bin/../lib/gcc/arm-none-eabi/11.3.1/thumb/v7e-m+fp/hard\libc_nano.a(libc_a-nano-vfprintf_i.o)
 .debug_aranges
                0x00001438       0x20 c:/arm-gcc/tools/tools/arm-gnu-toolchain-11.3.rel1-mingw-w64-i686-arm-none-eabi/bin/../lib/gcc/arm-none-eabi/11.3.1/thumb/v7e-m+fp/hard\libc_nano.a(libc_a-memmove.o)
 .debug_aranges
                0x00001458       0x20 c:/arm-gcc/tools/tools/arm-gnu-toolchain-11.3.rel1-mingw-w64-i686-arm-none-eabi/bin/../lib/gcc/arm-none-eabi/11.3.1/thumb/v7e-m+fp/hard\libc_nano.a(libc_a-sbrkr.o)
 .debug_aranges
                0x00001478       0x20 c:/arm-gcc/tools/tools/arm-gnu-toolchain-11.3.rel1-mingw-w64-i686-arm-none-eabi/bin/../lib/gcc/arm-none-eabi/11.3.1/thumb/v7e-m+fp/hard\libc_nano.a(libc_a-memchr.o)
 .debug_aranges
                0x00001498       0x20 c:/arm-gcc/tools/tools/arm-gnu-toolchain-11.3.rel1-mingw-w64-i686-arm-none-eabi/bin/../lib/gcc/arm-none-eabi/11.3.1/thumb/v7e-m+fp/hard\libc_nano.a(libc_a-memcpy-stub.o)
 .debug_aranges
                0x000014b8       0x20 c:/arm-gcc/tools/tools/arm-gnu-toolchain-11.3.rel1-mingw-w64-i686-arm-none-eabi/bin/../lib/gcc/arm-none-eabi/11.3.1/thumb/v7e-m+fp/hard\libc_nano.a(libc_a-reallocr.o)
 .debug_aranges
                0x000014d8       0x20 c:/arm-gcc/tools/tools/arm-gnu-toolchain-11.3.rel1-mingw-w64-i686-arm-none-eabi/bin/../lib/gcc/arm-none-eabi/11.3.1/thumb/v7e-m+fp/hard\libc_nano.a(libc_a-msizer.o)
 .debug_aranges
                0x000014f8       0x20 c:/arm-gcc/tools/tools/arm-gnu-toolchain-11.3.rel1-mingw-w64-i686-arm-none-eabi/bin/../lib/gcc/arm-none-eabi/11.3.1/thumb/v7e-m+fp/hard\libgcc.a(_aeabi_uldivmod.o)
 .debug_aranges
                0x00001518       0x20 c:/arm-gcc/tools/tools/arm-gnu-toolchain-11.3.rel1-mingw-w64-i686-arm-none-eabi/bin/../lib/gcc/arm-none-eabi/11.3.1/thumb/v7e-m+fp/hard\libgcc.a(_udivmoddi4.o)
 .debug_aranges
                0x00001538       0x20 c:/arm-gcc/tools/tools/arm-gnu-toolchain-11.3.rel1-mingw-w64-i686-arm-none-eabi/bin/../lib/gcc/arm-none-eabi/11.3.1/thumb/v7e-m+fp/hard\libgcc.a(_dvmd_tls.o)

.debug_ranges   0x00000000     0x1078
 .debug_ranges  0x00000000       0x48 build/main.o
 .debug_ranges  0x00000048       0x60 build/stm32f4xx_it.o
 .debug_ranges  0x000000a8       0x48 build/stm32f4xx_hal_msp.o
 .debug_ranges  0x000000f0      0x3c0 build/stm32f4xx_hal_tim.o
 .debug_ranges  0x000004b0      0x158 build/stm32f4xx_hal_tim_ex.o
 .debug_ranges  0x00000608       0x78 build/stm32f4xx_hal_rcc.o
 .debug_ranges  0x00000680       0x48 build/stm32f4xx_hal_gpio.o
 .debug_ranges  0x000006c8      0x120 build/stm32f4xx_hal_cortex.o
 .debug_ranges  0x000007e8       0xe0 build/stm32f4xx_hal.o
 .debug_ranges  0x000008c8       0x18 build/system_stm32f4xx.o
 .debug_ranges  0x000008e0       0xd8 build/stm32f4xx_hal_adc.o
 .debug_ranges  0x000009b8       0x10 build/usb_device.o
 .debug_ranges  0x000009c8       0x50 build/usbd_desc.o
 .debug_ranges  0x00000a18       0x38 build/usbd_cdc_if.o
 .debug_ranges  0x00000a50      0x100 build/usbd_conf.o
 .debug_ranges  0x00000b50      0x138 build/stm32f4xx_hal_pcd.o
 .debug_ranges  0x00000c88       0x28 build/stm32f4xx_hal_pcd_ex.o
 .debug_ranges  0x00000cb0      0x190 build/stm32f4xx_ll_usb.o
 .debug_ranges  0x00000e40       0xc8 build/usbd_core.o
 .debug_ranges  0x00000f08       0x80 build/usbd_ctlreq.o
 .debug_ranges  0x00000f88       0x40 build/usbd_ioreq.o
 .debug_ranges  0x00000fc8       0x80 build/usbd_cdc.o
 .debug_ranges  0x00001048       0x10 build/sysmem.o
 .debug_ranges  0x00001058       0x20 build/startup_stm32f411xe.o

.debug_line     0x00000000    0x10ebf
 .debug_line    0x00000000      0x659 build/main.o